de.metas.externalsystem.ExternalSystemLeichMehlConfigProductMappingRepositoryTest.getExternalSystemLeichMehlConfigProductMappings_whenConfigWithAndWithoutPartnerExists_getPartnerOne=[
  {
    "id" : 2,
    "pluFile" : "pluFilePartner",
    "productId" : 1,
    "bPartnerId" : 1,
    "leichMehlPluFileConfigGroup" : {
      "id" : 1,
      "name" : "testGroupName",
      "externalSystemLeichMehlPluFileConfigs" : [
        {
          "id" : 1,
          "leichMehlPluFileConfigGroupId" : 1,
          "targetFieldName" : "targetFileName",
          "targetFieldType" : "Date",
          "replaceRegExp" : "replacePattern",
          "replacement" : "replacement",
          "replacementSource" : "PPOrder"
        }
      ]
    }
  }
]