de.metas.rest_api.v2.product.ProductCategoriesRestControllerTest.getProductCategories_standardCase=[
  {
    "errors": [ ],
    "productCategories": [
      {
        "createdUpdatedInfo": {
          "created": "2019-09-05T03:20:14.0000005+02:00[Europe/Berlin]",
          "createdBy": 100,
          "updated": "2019-09-05T03:21:22.000000501+02:00[Europe/Berlin]",
          "updatedBy": 100
        },
        "defaultCategory": true,
        "description": "description1",
        "id": 100001,
        "name": "name1",
        "value": "value1"
      },
      {
        "createdUpdatedInfo": {
          "created": "2019-09-05T03:20:14.0000005+02:00[Europe/Berlin]",
          "createdBy": 100,
          "updated": "2019-09-05T03:21:22.000000501+02:00[Europe/Berlin]",
          "updatedBy": 100
        },
        "defaultCategory": false,
        "description": "description2",
        "id": 100002,
        "name": "name2",
        "parentProductCategoryId": 100001,
        "value": "value2"
      }
    ]
  }
]