de.metas.handlingunits.picking.plan.generator.CreatePickingPlanCommand_UsingCUs_Test.scenario_3HUs_1KgAlreadyReserved=[
  {
    "alternatives": {
      "pickFroms": [
        {
          "availableQty": {
            "qty": "960.000",
            "uomId": 1000000
          },
          "key": {
            "huId": 1000002,
            "locatorId": "1000000_1000001",
            "productId": 1000000
          }
        }
      ]
    },
    "lines": [
      {
        "pickFromHU": {
          "alternatives": {
            "keys": [
              {
                "huId": 1000002,
                "locatorId": "1000000_1000001",
                "productId": 1000000
              }
            ]
          },
          "huCode": "1000003",
          "huReservedForThisLine": true,
          "locatorId": "1000000_1000001",
          "topLevelHUId": 1000003
        },
        "productId": 1000000,
        "qty": {
          "qty": "1.000",
          "uomId": 1000000
        },
        "sourceDocumentInfo": {
          "packToSpec": {
            "genericPackingInstructionsId": 101
          },
          "salesOrderLineId": {
            "orderId": 300,
            "orderLineId": 301
          },
          "shipmentScheduleId": 2
        },
        "type": "PICK_FROM_HU"
      },
      {
        "pickFromHU": {
          "alternatives": {
            "keys": [
              {
                "huId": 1000002,
                "locatorId": "1000000_1000001",
                "productId": 1000000
              }
            ]
          },
          "huCode": "1000000",
          "huReservedForThisLine": false,
          "locatorId": "1000000_1000001",
          "topLevelHUId": 1000000
        },
        "productId": 1000000,
        "qty": {
          "qty": "30.000",
          "uomId": 1000000
        },
        "sourceDocumentInfo": {
          "packToSpec": {
            "genericPackingInstructionsId": 101
          },
          "salesOrderLineId": {
            "orderId": 300,
            "orderLineId": 301
          },
          "shipmentScheduleId": 2
        },
        "type": "PICK_FROM_HU"
      },
      {
        "pickFromHU": {
          "alternatives": {
            "keys": [
              {
                "huId": 1000002,
                "locatorId": "1000000_1000001",
                "productId": 1000000
              }
            ]
          },
          "huCode": "1000001",
          "huReservedForThisLine": false,
          "locatorId": "1000000_1000001",
          "topLevelHUId": 1000001
        },
        "productId": 1000000,
        "qty": {
          "qty": "30.000",
          "uomId": 1000000
        },
        "sourceDocumentInfo": {
          "packToSpec": {
            "genericPackingInstructionsId": 101
          },
          "salesOrderLineId": {
            "orderId": 300,
            "orderLineId": 301
          },
          "shipmentScheduleId": 2
        },
        "type": "PICK_FROM_HU"
      },
      {
        "pickFromHU": {
          "alternatives": {
            "keys": [ ]
          },
          "huCode": "1000002",
          "huReservedForThisLine": false,
          "locatorId": "1000000_1000001",
          "topLevelHUId": 1000002
        },
        "productId": 1000000,
        "qty": {
          "qty": "39.000",
          "uomId": 1000000
        },
        "sourceDocumentInfo": {
          "packToSpec": {
            "genericPackingInstructionsId": 101
          },
          "salesOrderLineId": {
            "orderId": 300,
            "orderLineId": 301
          },
          "shipmentScheduleId": 2
        },
        "type": "PICK_FROM_HU"
      }
    ]
  }
]