de.metas.rest_api.v2.project.workorder.WorkOrderProjectRestServiceTest.upsertWOProject=[ {
  "dateContract" : "2022-08-10",
  "dateFinish" : "2022-08-21",
  "description" : "description",
  "isActive" : false,
  "name" : "name",
  "orgCode" : "org",
  "projectId" : 100005,
  "projectReferenceExt" : "projectReferenceExt",
  "projectTypeId" : 100003,
  "steps" : [ {
    "dateEnd" : "2022-08-02",
    "dateStart" : "2022-07-22",
    "name" : "stepRequest1-name",
    "projectId" : 100005,
    "resources" : [ {
      "assignDateFrom" : "2022-08-07",
      "assignDateTo" : "2022-08-08",
      "duration" : 10,
      "durationUnit" : "h",
      "isActive" : false,
      "isAllDay" : true,
      "stepId" : 100006,
      "woResourceId" : 100007
    } ],
    "seqNo" : 40,
    "stepId" : 100006
  } ],
  "value" : "123"
} ]