de.metas.rest_api.v1.bpartner.BpartnerRestControllerTest.createOrUpdateBPartner_Update_BPartner_Name_Insert_Location=[
  {
    "bpartner": {
      "active": true,
      "changeInfo": {
        "createdBy": 30,
        "createdMillis": 1563553074,
        "lastUpdatedBy": 30,
        "lastUpdatedMillis": 1563553074,
        "changeLogs": [ ]
      },
      "code": "12345",
      "company": true,
      "companyName": "bpartnerRecord.companyName",
      "customer": false,
      "group": "bpGroupRecord.name",
      "metasfreshId": 1000000,
      "name": "bpartnerRecord.name_updated",
      "vendor": false
    },
    "contacts": [ ],
    "locations": [
      {
        "active": true,
        "billTo": true,
        "billToDefault": true,
        "changeInfo": {
          "createdBy": 30,
          "createdMillis": 1563553074,
          "lastUpdatedBy": 30,
          "lastUpdatedMillis": 1563553074,
          "changeLogs": [ ]
        },
        "countryCode": "countryRecord.countryCode",
        "externalId": "123",
        "handoverLocation": false,
        "metasfreshId": 1000000,
        "name": "bpartnerRecord.name_updated",
        "poBox": "poBox",
        "postal": "5040",
        "remitTo": false,
        "replicationLookupDefault": false,
        "shipTo": false,
        "shipToDefault": false,
        "visitorsAddress": false
      }
    ],
    "orgCode": "orgRecord.value"
  }
]


de.metas.rest_api.v1.bpartner.BpartnerRestControllerTest.createOrUpdateBPartner_create=[
  {
    "bankAccounts": [ ],
    "bpartner": {
      "active": true,
      "changeLog": {
        "createdByUserId": 30,
        "createdTimestamp": "1970-01-19T01:38:54.560Z",
        "entries": [ ],
        "lastChangedByUserId": 30,
        "lastChangedTimestamp": "1970-01-19T01:38:54.560Z",
        "recordId": {
          "keyColumnNames": [
            "C_BPartner_ID"
          ],
          "keysByColumnName": {
            "C_BPartner_ID": 1000000
          }
        },
        "tableName": "C_BPartner"
      },
      "company": true,
      "companyName": "bPartner.companyName",
      "customer": false,
      "excludeFromPromotions": false,
      "externalId": "fghij_2",
      "groupId": 15,
      "id": 1000000,
      "identifiedByExternalReference": false,
      "language": {
        "_mediaSize": {
          "category": "javax.print.attribute.standard.MediaSize",
          "mediaSizeName": {
            "category": "javax.print.attribute.standard.Media",
            "name": "media",
            "value": 4
          },
          "name": "media-size"
        },
        "baseLanguage": true,
        "decimalPoint": false,
        "leftToRight": true,
        "m_AD_Language": "de_DE",
        "m_locale": "de_DE",
        "m_name": "Deutsch"
      },
      "name": "bPartner.name",
      "parentId": 1,
      "phone": "bPartner.phone",
      "prospect": false,
      "sectionGroupPartner": false,
      "sectionPartner": false,
      "storageWarehouse": false,
      "url": "bPartner.url",
      "urproduzent": false,
      "value": "code",
      "vatId": "bPartner.vatId",
      "vendor": false
    },
    "contacts": [
      {
        "active": true,
        "changeLog": {
          "createdByUserId": 30,
          "createdTimestamp": "1970-01-19T01:38:54.560Z",
          "entries": [ ],
          "lastChangedByUserId": 30,
          "lastChangedTimestamp": "1970-01-19T01:38:54.560Z",
          "recordId": {
            "keyColumnNames": [
              "AD_User_ID"
            ],
            "keysByColumnName": {
              "AD_User_ID": 1000000
            }
          },
          "tableName": "AD_User"
        },
        "contactType": {
          "billToDefault": false,
          "defaultContact": false,
          "purchase": false,
          "purchaseDefault": false,
          "sales": false,
          "salesDefault": false,
          "shipToDefault": false
        },
        "email": "c1_email@email.net",
        "externalId": "c1_externalId",
        "handles": [ ],
        "id": "1000000-1000000",
        "membershipContact": false,
        "name": "c1_name",
        "newsletter": false,
        "phone": "c1_phone",
        "roles": [ ],
        "subjectMatterContact": false
      },
      {
        "active": true,
        "changeLog": {
          "createdByUserId": 30,
          "createdTimestamp": "1970-01-19T01:38:54.560Z",
          "entries": [ ],
          "lastChangedByUserId": 30,
          "lastChangedTimestamp": "1970-01-19T01:38:54.560Z",
          "recordId": {
            "keyColumnNames": [
              "AD_User_ID"
            ],
            "keysByColumnName": {
              "AD_User_ID": 1000001
            }
          },
          "tableName": "AD_User"
        },
        "contactType": {
          "billToDefault": false,
          "defaultContact": false,
          "purchase": false,
          "purchaseDefault": false,
          "sales": false,
          "salesDefault": false,
          "shipToDefault": false
        },
        "email": "c2_email@email.net",
        "externalId": "c2_externalId",
        "handles": [ ],
        "id": "1000000-1000001",
        "membershipContact": false,
        "name": "c2_name",
        "newsletter": false,
        "phone": "c2_phone",
        "roles": [ ],
        "subjectMatterContact": false
      }
    ],
    "creditLimits": [ ],
    "locations": [
      {
        "active": true,
        "address1": "l1_address1",
        "address2": "l1_address2",
        "changeLog": {
          "createdByUserId": 30,
          "createdTimestamp": "1970-01-19T01:38:54.560Z",
          "entries": [ ],
          "lastChangedByUserId": 30,
          "lastChangedTimestamp": "1970-01-19T01:38:54.560Z",
          "recordId": {
            "keyColumnNames": [
              "C_BPartner_Location_ID"
            ],
            "keysByColumnName": {
              "C_BPartner_Location_ID": 1000000
            }
          },
          "tableName": "C_BPartner_Location"
        },
        "city": "l1_city",
        "countryCode": "CH",
        "ephemeral": false,
        "existingLocationId": 1000001,
        "externalId": "l1_externalId",
        "gln": "l1_gln",
        "handOverLocation": false,
        "handles": [ ],
        "id": {
          "bpartnerId": 1000000,
          "repoId": 1000000
        },
        "locationType": {
          "billTo": false,
          "billToDefault": false,
          "shipTo": false,
          "shipToDefault": false
        },
        "name": "l1_city l1_address1 bPartner.name",
        "poBox": "l1_poBox",
        "postal": "l1_postal",
        "region": "l1_region",
        "remitTo": false,
        "replicationLookupDefault": false,
        "visitorsAddress": false
      },
      {
        "active": true,
        "address1": "l2_address1",
        "address2": "l2_address2",
        "changeLog": {
          "createdByUserId": 30,
          "createdTimestamp": "1970-01-19T01:38:54.560Z",
          "entries": [ ],
          "lastChangedByUserId": 30,
          "lastChangedTimestamp": "1970-01-19T01:38:54.560Z",
          "recordId": {
            "keyColumnNames": [
              "C_BPartner_Location_ID"
            ],
            "keysByColumnName": {
              "C_BPartner_Location_ID": 1000001
            }
          },
          "tableName": "C_BPartner_Location"
        },
        "city": "l2_city",
        "countryCode": "DE",
        "ephemeral": false,
        "existingLocationId": 1000002,
        "externalId": "l2_externalId",
        "gln": "l2_gln",
        "handOverLocation": false,
        "handles": [ ],
        "id": {
          "bpartnerId": 1000000,
          "repoId": 1000001
        },
        "locationType": {
          "billTo": false,
          "billToDefault": false,
          "shipTo": false,
          "shipToDefault": false
        },
        "name": "l2_city l2_address1 bPartner.name",
        "poBox": "l2_poBox",
        "postal": "l2_postal",
        "region": "l2_region",
        "remitTo": false,
        "replicationLookupDefault": false,
        "visitorsAddress": false
      }
    ],
    "orgId": 10
  }
]


de.metas.rest_api.v1.bpartner.BpartnerRestControllerTest.createOrUpdateContact_create=[
  {
    "bankAccounts": [
      {
        "active": true,
        "changeLog": {
          "createdByUserId": 30,
          "createdTimestamp": "1970-01-19T01:38:53.544Z",
          "entries": [ ],
          "lastChangedByUserId": 30,
          "lastChangedTimestamp": "1970-01-19T01:38:54.560Z",
          "recordId": {
            "keyColumnNames": [
              "C_BP_BankAccount_ID"
            ],
            "keysByColumnName": {
              "C_BP_BankAccount_ID": 50
            }
          },
          "tableName": "C_BP_BankAccount"
        },
        "currencyId": 102,
        "default": false,
        "iban": "INITIAL-IBAN-1",
        "id": {
          "bpartnerId": 20,
          "repoId": 50
        },
        "isDefault": false,
        "swiftCode": "INITIAL-SWIFTCODE-1"
      }
    ],
    "bpartner": {
      "active": true,
      "changeLog": {
        "createdByUserId": 30,
        "createdTimestamp": "1970-01-19T01:38:53.544Z",
        "entries": [ ],
        "lastChangedByUserId": 30,
        "lastChangedTimestamp": "1970-01-19T01:38:54.560Z",
        "recordId": {
          "keyColumnNames": [
            "C_BPartner_ID"
          ],
          "keysByColumnName": {
            "C_BPartner_ID": 20
          }
        },
        "tableName": "C_BPartner"
      },
      "company": false,
      "customer": true,
      "excludeFromPromotions": false,
      "externalId": "fghij",
      "groupId": 15,
      "id": 20,
      "identifiedByExternalReference": false,
      "name": "bpartnerRecord.name",
      "prospect": false,
      "sectionGroupPartner": false,
      "sectionPartner": false,
      "storageWarehouse": false,
      "urproduzent": false,
      "value": "bpartnerRecord.value",
      "vatId": "VATaxID",
      "vendor": true
    },
    "contacts": [
      {
        "active": true,
        "changeLog": {
          "createdByUserId": 30,
          "createdTimestamp": "1970-01-19T01:38:53.544Z",
          "entries": [ ],
          "lastChangedByUserId": 30,
          "lastChangedTimestamp": "1970-01-19T01:38:54.560Z",
          "recordId": {
            "keyColumnNames": [
              "AD_User_ID"
            ],
            "keysByColumnName": {
              "AD_User_ID": 30
            }
          },
          "tableName": "AD_User"
        },
        "contactType": {
          "billToDefault": false,
          "defaultContact": false,
          "purchase": false,
          "purchaseDefault": false,
          "sales": false,
          "salesDefault": false,
          "shipToDefault": false
        },
        "email": "contactRecord.email",
        "externalId": "contactRecord.externalId",
        "firstName": "contactRecord.firstName",
        "handles": [ ],
        "id": "20-30",
        "lastName": "contactRecord.lastName",
        "membershipContact": false,
        "name": "contactRecord.name",
        "newsletter": false,
        "phone": "contactRecord.phone",
        "roles": [ ],
        "subjectMatterContact": false,
        "value": "contactRecord.value"
      },
      {
        "active": true,
        "changeLog": {
          "createdByUserId": 30,
          "createdTimestamp": "1970-01-19T01:38:54.560Z",
          "entries": [ ],
          "lastChangedByUserId": 30,
          "lastChangedTimestamp": "1970-01-19T01:38:54.560Z",
          "recordId": {
            "keyColumnNames": [
              "AD_User_ID"
            ],
            "keysByColumnName": {
              "AD_User_ID": 1000000
            }
          },
          "tableName": "AD_User"
        },
        "contactType": {
          "billToDefault": false,
          "defaultContact": false,
          "purchase": false,
          "purchaseDefault": false,
          "sales": false,
          "salesDefault": false,
          "shipToDefault": false
        },
        "email": "newContact-_email@email.net",
        "externalId": "newContact-_externalId",
        "handles": [ ],
        "id": "20-1000000",
        "membershipContact": false,
        "name": "newContact-_name",
        "newsletter": false,
        "phone": "newContact-_phone",
        "roles": [ ],
        "subjectMatterContact": false
      }
    ],
    "creditLimits": [ ],
    "locations": [
      {
        "active": true,
        "address1": "locationRecord.address1",
        "address2": "locationRecord.address2",
        "changeLog": {
          "createdByUserId": 30,
          "createdTimestamp": "1970-01-19T01:38:53.544Z",
          "entries": [ ],
          "lastChangedByUserId": 30,
          "lastChangedTimestamp": "1970-01-19T01:38:54.560Z",
          "recordId": {
            "keyColumnNames": [
              "C_BPartner_Location_ID"
            ],
            "keysByColumnName": {
              "C_BPartner_Location_ID": 40
            }
          },
          "tableName": "C_BPartner_Location"
        },
        "city": "locationRecord.city",
        "countryCode": "countryRecord.countryCode",
        "district": "postalRecord.district",
        "ephemeral": false,
        "existingLocationId": 1000000,
        "externalId": "bpartnerLocation.externalId",
        "gln": "bpartnerLocationRecord.gln",
        "handOverLocation": false,
        "handles": [ ],
        "id": {
          "bpartnerId": 20,
          "repoId": 40
        },
        "locationType": {
          "billTo": false,
          "billToDefault": false,
          "shipTo": false,
          "shipToDefault": false
        },
        "name": "locationRecord.city locationRecord.address1 bpartnerRecord.name",
        "poBox": "locationRecord.poBox",
        "postal": "locationRecord.postal",
        "region": "locationRecord.regionName",
        "remitTo": false,
        "replicationLookupDefault": false,
        "visitorsAddress": false
      }
    ],
    "orgId": 10
  }
]


de.metas.rest_api.v1.bpartner.BpartnerRestControllerTest.createOrUpdateContact_update_extContactIdentifier=[
  {
    "bankAccounts": [
      {
        "active": true,
        "changeLog": {
          "createdByUserId": 30,
          "createdTimestamp": "1970-01-19T01:38:53.544Z",
          "entries": [ ],
          "lastChangedByUserId": 30,
          "lastChangedTimestamp": "1970-01-19T01:38:54.560Z",
          "recordId": {
            "keyColumnNames": [
              "C_BP_BankAccount_ID"
            ],
            "keysByColumnName": {
              "C_BP_BankAccount_ID": 50
            }
          },
          "tableName": "C_BP_BankAccount"
        },
        "currencyId": 102,
        "default": false,
        "iban": "INITIAL-IBAN-1",
        "id": {
          "bpartnerId": 20,
          "repoId": 50
        },
        "isDefault": false,
        "swiftCode": "INITIAL-SWIFTCODE-1"
      }
    ],
    "bpartner": {
      "active": true,
      "changeLog": {
        "createdByUserId": 30,
        "createdTimestamp": "1970-01-19T01:38:53.544Z",
        "entries": [ ],
        "lastChangedByUserId": 30,
        "lastChangedTimestamp": "1970-01-19T01:38:54.560Z",
        "recordId": {
          "keyColumnNames": [
            "C_BPartner_ID"
          ],
          "keysByColumnName": {
            "C_BPartner_ID": 20
          }
        },
        "tableName": "C_BPartner"
      },
      "company": false,
      "customer": true,
      "excludeFromPromotions": false,
      "externalId": "fghij",
      "groupId": 15,
      "id": 20,
      "identifiedByExternalReference": false,
      "name": "bpartnerRecord.name",
      "prospect": false,
      "sectionGroupPartner": false,
      "sectionPartner": false,
      "storageWarehouse": false,
      "urproduzent": false,
      "value": "bpartnerRecord.value",
      "vatId": "VATaxID",
      "vendor": true
    },
    "contacts": [
      {
        "active": true,
        "changeLog": {
          "createdByUserId": 30,
          "createdTimestamp": "1970-01-19T01:38:53.544Z",
          "entries": [ ],
          "lastChangedByUserId": 30,
          "lastChangedTimestamp": "1970-01-19T01:38:54.560Z",
          "recordId": {
            "keyColumnNames": [
              "AD_User_ID"
            ],
            "keysByColumnName": {
              "AD_User_ID": 30
            }
          },
          "tableName": "AD_User"
        },
        "contactType": {
          "billToDefault": false,
          "defaultContact": false,
          "purchase": false,
          "purchaseDefault": false,
          "sales": false,
          "salesDefault": false,
          "shipToDefault": false
        },
        "email": "contactRecord.email",
        "externalId": "contactRecord.externalId",
        "firstName": "contactRecord.firstName",
        "handles": [ ],
        "id": "20-30",
        "lastName": "contactRecord.lastName",
        "membershipContact": false,
        "name": "jsonContact.name-UPDATED",
        "newsletter": false,
        "phone": "contactRecord.phone",
        "roles": [ ],
        "subjectMatterContact": false,
        "value": "contactRecord.value"
      }
    ],
    "creditLimits": [ ],
    "locations": [
      {
        "active": true,
        "address1": "locationRecord.address1",
        "address2": "locationRecord.address2",
        "changeLog": {
          "createdByUserId": 30,
          "createdTimestamp": "1970-01-19T01:38:53.544Z",
          "entries": [ ],
          "lastChangedByUserId": 30,
          "lastChangedTimestamp": "1970-01-19T01:38:54.560Z",
          "recordId": {
            "keyColumnNames": [
              "C_BPartner_Location_ID"
            ],
            "keysByColumnName": {
              "C_BPartner_Location_ID": 40
            }
          },
          "tableName": "C_BPartner_Location"
        },
        "city": "locationRecord.city",
        "countryCode": "countryRecord.countryCode",
        "district": "postalRecord.district",
        "ephemeral": false,
        "existingLocationId": 1000000,
        "externalId": "bpartnerLocation.externalId",
        "gln": "bpartnerLocationRecord.gln",
        "handOverLocation": false,
        "handles": [ ],
        "id": {
          "bpartnerId": 20,
          "repoId": 40
        },
        "locationType": {
          "billTo": false,
          "billToDefault": false,
          "shipTo": false,
          "shipToDefault": false
        },
        "name": "locationRecord.city locationRecord.address1 bpartnerRecord.name",
        "poBox": "locationRecord.poBox",
        "postal": "locationRecord.postal",
        "region": "locationRecord.regionName",
        "remitTo": false,
        "replicationLookupDefault": false,
        "visitorsAddress": false
      }
    ],
    "orgId": 10
  }
]


de.metas.rest_api.v1.bpartner.BpartnerRestControllerTest.createOrUpdateContact_update_idContactIdentifier=[
  {
    "bankAccounts": [
      {
        "active": true,
        "changeLog": {
          "createdByUserId": 30,
          "createdTimestamp": "1970-01-19T01:38:53.544Z",
          "entries": [ ],
          "lastChangedByUserId": 30,
          "lastChangedTimestamp": "1970-01-19T01:38:54.560Z",
          "recordId": {
            "keyColumnNames": [
              "C_BP_BankAccount_ID"
            ],
            "keysByColumnName": {
              "C_BP_BankAccount_ID": 50
            }
          },
          "tableName": "C_BP_BankAccount"
        },
        "currencyId": 102,
        "default": false,
        "iban": "INITIAL-IBAN-1",
        "id": {
          "bpartnerId": 20,
          "repoId": 50
        },
        "isDefault": false,
        "swiftCode": "INITIAL-SWIFTCODE-1"
      }
    ],
    "bpartner": {
      "active": true,
      "changeLog": {
        "createdByUserId": 30,
        "createdTimestamp": "1970-01-19T01:38:53.544Z",
        "entries": [ ],
        "lastChangedByUserId": 30,
        "lastChangedTimestamp": "1970-01-19T01:38:54.560Z",
        "recordId": {
          "keyColumnNames": [
            "C_BPartner_ID"
          ],
          "keysByColumnName": {
            "C_BPartner_ID": 20
          }
        },
        "tableName": "C_BPartner"
      },
      "company": false,
      "customer": true,
      "excludeFromPromotions": false,
      "externalId": "fghij",
      "groupId": 15,
      "id": 20,
      "identifiedByExternalReference": false,
      "name": "bpartnerRecord.name",
      "prospect": false,
      "sectionGroupPartner": false,
      "sectionPartner": false,
      "storageWarehouse": false,
      "urproduzent": false,
      "value": "bpartnerRecord.value",
      "vatId": "VATaxID",
      "vendor": true
    },
    "contacts": [
      {
        "active": true,
        "changeLog": {
          "createdByUserId": 30,
          "createdTimestamp": "1970-01-19T01:38:53.544Z",
          "entries": [ ],
          "lastChangedByUserId": 30,
          "lastChangedTimestamp": "1970-01-19T01:38:54.560Z",
          "recordId": {
            "keyColumnNames": [
              "AD_User_ID"
            ],
            "keysByColumnName": {
              "AD_User_ID": 30
            }
          },
          "tableName": "AD_User"
        },
        "contactType": {
          "billToDefault": false,
          "defaultContact": false,
          "purchase": false,
          "purchaseDefault": false,
          "sales": false,
          "salesDefault": false,
          "shipToDefault": false
        },
        "email": "contactRecord.email",
        "externalId": "contactRecord.externalId",
        "firstName": "contactRecord.firstName",
        "handles": [ ],
        "id": "20-30",
        "lastName": "contactRecord.lastName",
        "membershipContact": false,
        "name": "jsonContact.name-UPDATED",
        "newsletter": false,
        "phone": "contactRecord.phone",
        "roles": [ ],
        "subjectMatterContact": false,
        "value": "contactRecord.value"
      }
    ],
    "creditLimits": [ ],
    "locations": [
      {
        "active": true,
        "address1": "locationRecord.address1",
        "address2": "locationRecord.address2",
        "changeLog": {
          "createdByUserId": 30,
          "createdTimestamp": "1970-01-19T01:38:53.544Z",
          "entries": [ ],
          "lastChangedByUserId": 30,
          "lastChangedTimestamp": "1970-01-19T01:38:54.560Z",
          "recordId": {
            "keyColumnNames": [
              "C_BPartner_Location_ID"
            ],
            "keysByColumnName": {
              "C_BPartner_Location_ID": 40
            }
          },
          "tableName": "C_BPartner_Location"
        },
        "city": "locationRecord.city",
        "countryCode": "countryRecord.countryCode",
        "district": "postalRecord.district",
        "ephemeral": false,
        "existingLocationId": 1000000,
        "externalId": "bpartnerLocation.externalId",
        "gln": "bpartnerLocationRecord.gln",
        "handOverLocation": false,
        "handles": [ ],
        "id": {
          "bpartnerId": 20,
          "repoId": 40
        },
        "locationType": {
          "billTo": false,
          "billToDefault": false,
          "shipTo": false,
          "shipToDefault": false
        },
        "name": "locationRecord.city locationRecord.address1 bpartnerRecord.name",
        "poBox": "locationRecord.poBox",
        "postal": "locationRecord.postal",
        "region": "locationRecord.regionName",
        "remitTo": false,
        "replicationLookupDefault": false,
        "visitorsAddress": false
      }
    ],
    "orgId": 10
  }
]


de.metas.rest_api.v1.bpartner.BpartnerRestControllerTest.createOrUpdateLocation_create=[
  {
    "bankAccounts": [
      {
        "active": true,
        "changeLog": {
          "createdByUserId": 30,
          "createdTimestamp": "1970-01-19T01:38:53.544Z",
          "entries": [ ],
          "lastChangedByUserId": 30,
          "lastChangedTimestamp": "1970-01-19T01:38:54.560Z",
          "recordId": {
            "keyColumnNames": [
              "C_BP_BankAccount_ID"
            ],
            "keysByColumnName": {
              "C_BP_BankAccount_ID": 50
            }
          },
          "tableName": "C_BP_BankAccount"
        },
        "currencyId": 102,
        "default": false,
        "iban": "INITIAL-IBAN-1",
        "id": {
          "bpartnerId": 20,
          "repoId": 50
        },
        "isDefault": false,
        "swiftCode": "INITIAL-SWIFTCODE-1"
      }
    ],
    "bpartner": {
      "active": true,
      "changeLog": {
        "createdByUserId": 30,
        "createdTimestamp": "1970-01-19T01:38:53.544Z",
        "entries": [ ],
        "lastChangedByUserId": 30,
        "lastChangedTimestamp": "1970-01-19T01:38:54.560Z",
        "recordId": {
          "keyColumnNames": [
            "C_BPartner_ID"
          ],
          "keysByColumnName": {
            "C_BPartner_ID": 20
          }
        },
        "tableName": "C_BPartner"
      },
      "company": false,
      "customer": true,
      "excludeFromPromotions": false,
      "externalId": "fghij",
      "groupId": 15,
      "id": 20,
      "identifiedByExternalReference": false,
      "name": "bpartnerRecord.name",
      "prospect": false,
      "sectionGroupPartner": false,
      "sectionPartner": false,
      "storageWarehouse": false,
      "urproduzent": false,
      "value": "bpartnerRecord.value",
      "vatId": "VATaxID",
      "vendor": true
    },
    "contacts": [
      {
        "active": true,
        "changeLog": {
          "createdByUserId": 30,
          "createdTimestamp": "1970-01-19T01:38:53.544Z",
          "entries": [ ],
          "lastChangedByUserId": 30,
          "lastChangedTimestamp": "1970-01-19T01:38:54.560Z",
          "recordId": {
            "keyColumnNames": [
              "AD_User_ID"
            ],
            "keysByColumnName": {
              "AD_User_ID": 30
            }
          },
          "tableName": "AD_User"
        },
        "contactType": {
          "billToDefault": false,
          "defaultContact": false,
          "purchase": false,
          "purchaseDefault": false,
          "sales": false,
          "salesDefault": false,
          "shipToDefault": false
        },
        "email": "contactRecord.email",
        "externalId": "contactRecord.externalId",
        "firstName": "contactRecord.firstName",
        "handles": [ ],
        "id": "20-30",
        "lastName": "contactRecord.lastName",
        "membershipContact": false,
        "name": "contactRecord.name",
        "newsletter": false,
        "phone": "contactRecord.phone",
        "roles": [ ],
        "subjectMatterContact": false,
        "value": "contactRecord.value"
      }
    ],
    "creditLimits": [ ],
    "locations": [
      {
        "active": true,
        "address1": "locationRecord.address1",
        "address2": "locationRecord.address2",
        "changeLog": {
          "createdByUserId": 30,
          "createdTimestamp": "1970-01-19T01:38:53.544Z",
          "entries": [ ],
          "lastChangedByUserId": 30,
          "lastChangedTimestamp": "1970-01-19T01:38:54.560Z",
          "recordId": {
            "keyColumnNames": [
              "C_BPartner_Location_ID"
            ],
            "keysByColumnName": {
              "C_BPartner_Location_ID": 40
            }
          },
          "tableName": "C_BPartner_Location"
        },
        "city": "locationRecord.city",
        "countryCode": "countryRecord.countryCode",
        "district": "postalRecord.district",
        "ephemeral": false,
        "existingLocationId": 1000000,
        "externalId": "bpartnerLocation.externalId",
        "gln": "bpartnerLocationRecord.gln",
        "handOverLocation": false,
        "handles": [ ],
        "id": {
          "bpartnerId": 20,
          "repoId": 40
        },
        "locationType": {
          "billTo": false,
          "billToDefault": false,
          "shipTo": false,
          "shipToDefault": false
        },
        "name": "locationRecord.city locationRecord.address1 bpartnerRecord.name",
        "poBox": "locationRecord.poBox",
        "postal": "locationRecord.postal",
        "region": "locationRecord.regionName",
        "remitTo": false,
        "replicationLookupDefault": false,
        "visitorsAddress": false
      },
      {
        "active": true,
        "address1": "newLocation-_address1",
        "address2": "newLocation-_address2",
        "changeLog": {
          "createdByUserId": 30,
          "createdTimestamp": "1970-01-19T01:38:54.560Z",
          "entries": [ ],
          "lastChangedByUserId": 30,
          "lastChangedTimestamp": "1970-01-19T01:38:54.560Z",
          "recordId": {
            "keyColumnNames": [
              "C_BPartner_Location_ID"
            ],
            "keysByColumnName": {
              "C_BPartner_Location_ID": 1000000
            }
          },
          "tableName": "C_BPartner_Location"
        },
        "city": "newLocation-_city",
        "countryCode": "DE",
        "ephemeral": false,
        "existingLocationId": 1000001,
        "externalId": "newLocation-_externalId",
        "gln": "newLocation-_gln",
        "handOverLocation": false,
        "handles": [ ],
        "id": {
          "bpartnerId": 20,
          "repoId": 1000000
        },
        "locationType": {
          "billTo": false,
          "billToDefault": false,
          "shipTo": false,
          "shipToDefault": false
        },
        "name": "newLocation-_city newLocation-_address1 bpartnerRecord.name",
        "poBox": "newLocation-_poBox",
        "postal": "newLocation-_postal",
        "region": "newLocation-_region",
        "remitTo": false,
        "replicationLookupDefault": false,
        "visitorsAddress": false
      }
    ],
    "orgId": 10
  }
]


de.metas.rest_api.v1.bpartner.BpartnerRestControllerTest.retrieveBPartnerContact=[
  {
    "active": true,
    "billToDefault": false,
    "changeInfo": {
      "createdBy": 30,
      "createdMillis": 1561133544,
      "lastUpdatedBy": 30,
      "lastUpdatedMillis": 1561133544,
      "changeLogs": [ ]
    },
    "defaultContact": false,
    "email": "contactRecord.email",
    "externalId": "contactRecord.externalId",
    "firstName": "contactRecord.firstName",
    "lastName": "contactRecord.lastName",
    "metasfreshBPartnerId": 20,
    "metasfreshId": 30,
    "name": "contactRecord.name",
    "newsletter": false,
    "phone": "contactRecord.phone",
    "purchase": false,
    "purchaseDefault": false,
    "sales": false,
    "salesDefault": false,
    "shipToDefault": false,
    "subjectMatter": false
  }
]


de.metas.rest_api.v1.bpartner.BpartnerRestControllerTest.retrieveBPartnerLocation=[
  {
    "active": true,
    "address1": "locationRecord.address1",
    "address2": "locationRecord.address2",
    "billTo": false,
    "billToDefault": false,
    "changeInfo": {
      "createdBy": 30,
      "createdMillis": 1561133544,
      "lastUpdatedBy": 30,
      "lastUpdatedMillis": 1561133544,
      "changeLogs": [ ]
    },
    "city": "locationRecord.city",
    "countryCode": "countryRecord.countryCode",
    "district": "postalRecord.district",
    "externalId": "bpartnerLocation.externalId",
    "gln": "bpartnerLocationRecord.gln",
    "handoverLocation": false,
    "metasfreshId": 40,
    "poBox": "locationRecord.poBox",
    "postal": "locationRecord.postal",
    "region": "locationRecord.regionName",
    "remitTo": false,
    "replicationLookupDefault": false,
    "shipTo": false,
    "shipToDefault": false,
    "visitorsAddress": false
  }
]


de.metas.rest_api.v1.bpartner.BpartnerRestControllerTest.retrieveBPartner_ext=[
  {
    "bpartner": {
      "active": true,
      "changeInfo": {
        "createdBy": 30,
        "createdMillis": 1561133544,
        "lastUpdatedBy": 30,
        "lastUpdatedMillis": 1561133544,
        "changeLogs": [ ]
      },
      "code": "bpartnerRecord.value",
      "company": false,
      "customer": true,
      "externalId": "fghij",
      "group": "bpGroupRecord.name",
      "metasfreshId": 20,
      "name": "bpartnerRecord.name",
      "vatId": "VATaxID",
      "vendor": true
    },
    "contacts": [
      {
        "active": true,
        "billToDefault": false,
        "changeInfo": {
          "createdBy": 30,
          "createdMillis": 1561133544,
          "lastUpdatedBy": 30,
          "lastUpdatedMillis": 1561133544,
          "changeLogs": [ ]
        },
        "defaultContact": false,
        "email": "contactRecord.email",
        "externalId": "contactRecord.externalId",
        "firstName": "contactRecord.firstName",
        "lastName": "contactRecord.lastName",
        "metasfreshBPartnerId": 20,
        "metasfreshId": 30,
        "name": "contactRecord.name",
        "newsletter": false,
        "phone": "contactRecord.phone",
        "purchase": false,
        "purchaseDefault": false,
        "sales": false,
        "salesDefault": false,
        "shipToDefault": false,
        "subjectMatter": false
      }
    ],
    "locations": [
      {
        "active": true,
        "address1": "locationRecord.address1",
        "address2": "locationRecord.address2",
        "billTo": false,
        "billToDefault": false,
        "changeInfo": {
          "createdBy": 30,
          "createdMillis": 1561133544,
          "lastUpdatedBy": 30,
          "lastUpdatedMillis": 1561133544,
          "changeLogs": [ ]
        },
        "city": "locationRecord.city",
        "countryCode": "countryRecord.countryCode",
        "district": "postalRecord.district",
        "externalId": "bpartnerLocation.externalId",
        "gln": "bpartnerLocationRecord.gln",
        "handoverLocation": false,
        "metasfreshId": 40,
        "poBox": "locationRecord.poBox",
        "postal": "locationRecord.postal",
        "region": "locationRecord.regionName",
        "remitTo": false,
        "replicationLookupDefault": false,
        "shipTo": false,
        "shipToDefault": false,
        "visitorsAddress": false
      }
    ],
    "orgCode": "orgRecord.value"
  }
]


de.metas.rest_api.v1.bpartner.BpartnerRestControllerTest.retrieveBPartner_gln=[
  {
    "bpartner": {
      "active": true,
      "changeInfo": {
        "createdBy": 30,
        "createdMillis": 1561133544,
        "lastUpdatedBy": 30,
        "lastUpdatedMillis": 1561133544,
        "changeLogs": [ ]
      },
      "code": "bpartnerRecord.value",
      "company": false,
      "customer": true,
      "externalId": "fghij",
      "group": "bpGroupRecord.name",
      "metasfreshId": 20,
      "name": "bpartnerRecord.name",
      "vatId": "VATaxID",
      "vendor": true
    },
    "contacts": [
      {
        "active": true,
        "billToDefault": false,
        "changeInfo": {
          "createdBy": 30,
          "createdMillis": 1561133544,
          "lastUpdatedBy": 30,
          "lastUpdatedMillis": 1561133544,
          "changeLogs": [ ]
        },
        "defaultContact": false,
        "email": "contactRecord.email",
        "externalId": "contactRecord.externalId",
        "firstName": "contactRecord.firstName",
        "lastName": "contactRecord.lastName",
        "metasfreshBPartnerId": 20,
        "metasfreshId": 30,
        "name": "contactRecord.name",
        "newsletter": false,
        "phone": "contactRecord.phone",
        "purchase": false,
        "purchaseDefault": false,
        "sales": false,
        "salesDefault": false,
        "shipToDefault": false,
        "subjectMatter": false
      }
    ],
    "locations": [
      {
        "active": true,
        "address1": "locationRecord.address1",
        "address2": "locationRecord.address2",
        "billTo": false,
        "billToDefault": false,
        "changeInfo": {
          "createdBy": 30,
          "createdMillis": 1561133544,
          "lastUpdatedBy": 30,
          "lastUpdatedMillis": 1561133544,
          "changeLogs": [ ]
        },
        "city": "locationRecord.city",
        "countryCode": "countryRecord.countryCode",
        "district": "postalRecord.district",
        "externalId": "bpartnerLocation.externalId",
        "gln": "bpartnerLocationRecord.gln",
        "handoverLocation": false,
        "metasfreshId": 40,
        "poBox": "locationRecord.poBox",
        "postal": "locationRecord.postal",
        "region": "locationRecord.regionName",
        "remitTo": false,
        "replicationLookupDefault": false,
        "shipTo": false,
        "shipToDefault": false,
        "visitorsAddress": false
      }
    ],
    "orgCode": "orgRecord.value"
  }
]


de.metas.rest_api.v1.bpartner.BpartnerRestControllerTest.retrieveBPartner_id=[
  {
    "bpartner": {
      "active": true,
      "changeInfo": {
        "createdBy": 30,
        "createdMillis": 1561133544,
        "lastUpdatedBy": 30,
        "lastUpdatedMillis": 1561133544,
        "changeLogs": [ ]
      },
      "code": "bpartnerRecord.value",
      "company": false,
      "customer": true,
      "externalId": "fghij",
      "group": "bpGroupRecord.name",
      "metasfreshId": 20,
      "name": "bpartnerRecord.name",
      "vatId": "VATaxID",
      "vendor": true
    },
    "contacts": [
      {
        "active": true,
        "billToDefault": false,
        "changeInfo": {
          "createdBy": 30,
          "createdMillis": 1561133544,
          "lastUpdatedBy": 30,
          "lastUpdatedMillis": 1561133544,
          "changeLogs": [ ]
        },
        "defaultContact": false,
        "email": "contactRecord.email",
        "externalId": "contactRecord.externalId",
        "firstName": "contactRecord.firstName",
        "lastName": "contactRecord.lastName",
        "metasfreshBPartnerId": 20,
        "metasfreshId": 30,
        "name": "contactRecord.name",
        "newsletter": false,
        "phone": "contactRecord.phone",
        "purchase": false,
        "purchaseDefault": false,
        "sales": false,
        "salesDefault": false,
        "shipToDefault": false,
        "subjectMatter": false
      }
    ],
    "locations": [
      {
        "active": true,
        "address1": "locationRecord.address1",
        "address2": "locationRecord.address2",
        "billTo": false,
        "billToDefault": false,
        "changeInfo": {
          "createdBy": 30,
          "createdMillis": 1561133544,
          "lastUpdatedBy": 30,
          "lastUpdatedMillis": 1561133544,
          "changeLogs": [ ]
        },
        "city": "locationRecord.city",
        "countryCode": "countryRecord.countryCode",
        "district": "postalRecord.district",
        "externalId": "bpartnerLocation.externalId",
        "gln": "bpartnerLocationRecord.gln",
        "handoverLocation": false,
        "metasfreshId": 40,
        "poBox": "locationRecord.poBox",
        "postal": "locationRecord.postal",
        "region": "locationRecord.regionName",
        "remitTo": false,
        "replicationLookupDefault": false,
        "shipTo": false,
        "shipToDefault": false,
        "visitorsAddress": false
      }
    ],
    "orgCode": "orgRecord.value"
  }
]


de.metas.rest_api.v1.bpartner.BpartnerRestControllerTest.retrieveBPartnersSince[page1]=[
  {
    "errors": [ ],
    "items": [
      {
        "bpartner": {
          "active": true,
          "changeInfo": {
            "createdBy": 30,
            "createdMillis": 1561133544,
            "lastUpdatedBy": 30,
            "lastUpdatedMillis": 1561133544,
            "changeLogs": [ ]
          },
          "code": "bpartnerRecord.value",
          "company": false,
          "customer": true,
          "externalId": "fghij",
          "group": "bpGroupRecord.name",
          "metasfreshId": 20,
          "name": "bpartnerRecord.name",
          "vatId": "VATaxID",
          "vendor": true
        },
        "contacts": [
          {
            "active": true,
            "billToDefault": false,
            "changeInfo": {
              "createdBy": 30,
              "createdMillis": 1561133544,
              "lastUpdatedBy": 30,
              "lastUpdatedMillis": 1561133544,
              "changeLogs": [ ]
            },
            "defaultContact": false,
            "email": "contactRecord.email",
            "externalId": "contactRecord.externalId",
            "firstName": "contactRecord.firstName",
            "lastName": "contactRecord.lastName",
            "metasfreshBPartnerId": 20,
            "metasfreshId": 30,
            "name": "contactRecord.name",
            "newsletter": false,
            "phone": "contactRecord.phone",
            "purchase": false,
            "purchaseDefault": false,
            "sales": false,
            "salesDefault": false,
            "shipToDefault": false,
            "subjectMatter": false
          }
        ],
        "locations": [
          {
            "active": true,
            "address1": "locationRecord.address1",
            "address2": "locationRecord.address2",
            "billTo": false,
            "billToDefault": false,
            "changeInfo": {
              "createdBy": 30,
              "createdMillis": 1561133544,
              "lastUpdatedBy": 30,
              "lastUpdatedMillis": 1561133544,
              "changeLogs": [ ]
            },
            "city": "locationRecord.city",
            "countryCode": "countryRecord.countryCode",
            "district": "postalRecord.district",
            "externalId": "bpartnerLocation.externalId",
            "gln": "bpartnerLocationRecord.gln",
            "handoverLocation": false,
            "metasfreshId": 40,
            "poBox": "locationRecord.poBox",
            "postal": "locationRecord.postal",
            "region": "locationRecord.regionName",
            "remitTo": false,
            "replicationLookupDefault": false,
            "shipTo": false,
            "shipToDefault": false,
            "visitorsAddress": false
          }
        ],
        "orgCode": "orgRecord.value"
      },
      {
        "bpartner": {
          "active": true,
          "changeInfo": {
            "createdBy": 31,
            "createdMillis": 1561133544,
            "lastUpdatedBy": 31,
            "lastUpdatedMillis": 1561133544,
            "changeLogs": [ ]
          },
          "code": "bpartnerRecord.value_1",
          "company": false,
          "customer": true,
          "externalId": "fghij_1",
          "group": "bpGroupRecord.name",
          "metasfreshId": 21,
          "name": "bpartnerRecord.name_1",
          "vatId": "VATaxID_1",
          "vendor": true
        },
        "contacts": [
          {
            "active": true,
            "billToDefault": false,
            "changeInfo": {
              "createdBy": 31,
              "createdMillis": 1561133544,
              "lastUpdatedBy": 31,
              "lastUpdatedMillis": 1561133544,
              "changeLogs": [ ]
            },
            "defaultContact": false,
            "email": "contactRecord.email_1",
            "externalId": "contactRecord.externalId_1",
            "firstName": "contactRecord.firstName_1",
            "lastName": "contactRecord.lastName_1",
            "metasfreshBPartnerId": 21,
            "metasfreshId": 31,
            "name": "contactRecord.name_1",
            "newsletter": false,
            "phone": "contactRecord.phone_1",
            "purchase": false,
            "purchaseDefault": false,
            "sales": false,
            "salesDefault": false,
            "shipToDefault": false,
            "subjectMatter": false
          }
        ],
        "locations": [
          {
            "active": true,
            "address1": "locationRecord.address1_1",
            "address2": "locationRecord.address2_1",
            "billTo": false,
            "billToDefault": false,
            "changeInfo": {
              "createdBy": 31,
              "createdMillis": 1561133544,
              "lastUpdatedBy": 31,
              "lastUpdatedMillis": 1561133544,
              "changeLogs": [ ]
            },
            "city": "locationRecord.city_1",
            "countryCode": "countryRecord.countryCode",
            "district": "postalRecord.district_1",
            "externalId": "bpartnerLocation.externalId_1",
            "gln": "bpartnerLocationRecord.gln_1",
            "handoverLocation": false,
            "metasfreshId": 41,
            "poBox": "locationRecord.poBox_1",
            "postal": "locationRecord.postal_1",
            "region": "locationRecord.regionName_1",
            "remitTo": false,
            "replicationLookupDefault": false,
            "shipTo": false,
            "shipToDefault": false,
            "visitorsAddress": false
          }
        ],
        "orgCode": "orgRecord.value"
      }
    ],
    "nextPage": "e57d6ba2-e91e-4557-8fc7-cb3c0acfe1f1_D",
    "pageSize": 2,
    "resultTimestamp": 1561014385,
    "totalSize": 5
  }
]


de.metas.rest_api.v1.bpartner.BpartnerRestControllerTest.retrieveBPartnersSince[page2]=[
  {
    "errors": [ ],
    "items": [
      {
        "bpartner": {
          "active": true,
          "changeInfo": {
            "createdBy": 32,
            "createdMillis": 1561133544,
            "lastUpdatedBy": 32,
            "lastUpdatedMillis": 1561133544,
            "changeLogs": [ ]
          },
          "code": "bpartnerRecord.value_2",
          "company": false,
          "customer": true,
          "externalId": "fghij_2",
          "group": "bpGroupRecord.name",
          "metasfreshId": 22,
          "name": "bpartnerRecord.name_2",
          "vatId": "VATaxID_2",
          "vendor": true
        },
        "contacts": [
          {
            "active": true,
            "billToDefault": false,
            "changeInfo": {
              "createdBy": 32,
              "createdMillis": 1561133544,
              "lastUpdatedBy": 32,
              "lastUpdatedMillis": 1561133544,
              "changeLogs": [ ]
            },
            "defaultContact": false,
            "email": "contactRecord.email_2",
            "externalId": "contactRecord.externalId_2",
            "firstName": "contactRecord.firstName_2",
            "lastName": "contactRecord.lastName_2",
            "metasfreshBPartnerId": 22,
            "metasfreshId": 32,
            "name": "contactRecord.name_2",
            "newsletter": false,
            "phone": "contactRecord.phone_2",
            "purchase": false,
            "purchaseDefault": false,
            "sales": false,
            "salesDefault": false,
            "shipToDefault": false,
            "subjectMatter": false
          }
        ],
        "locations": [
          {
            "active": true,
            "address1": "locationRecord.address1_2",
            "address2": "locationRecord.address2_2",
            "billTo": false,
            "billToDefault": false,
            "changeInfo": {
              "createdBy": 32,
              "createdMillis": 1561133544,
              "lastUpdatedBy": 32,
              "lastUpdatedMillis": 1561133544,
              "changeLogs": [ ]
            },
            "city": "locationRecord.city_2",
            "countryCode": "countryRecord.countryCode",
            "district": "postalRecord.district_2",
            "externalId": "bpartnerLocation.externalId_2",
            "gln": "bpartnerLocationRecord.gln_2",
            "handoverLocation": false,
            "metasfreshId": 42,
            "poBox": "locationRecord.poBox_2",
            "postal": "locationRecord.postal_2",
            "region": "locationRecord.regionName_2",
            "remitTo": false,
            "replicationLookupDefault": false,
            "shipTo": false,
            "shipToDefault": false,
            "visitorsAddress": false
          }
        ],
        "orgCode": "orgRecord.value"
      },
      {
        "bpartner": {
          "active": true,
          "changeInfo": {
            "createdBy": 33,
            "createdMillis": 1561133544,
            "lastUpdatedBy": 33,
            "lastUpdatedMillis": 1561133544,
            "changeLogs": [ ]
          },
          "code": "bpartnerRecord.value_3",
          "company": false,
          "customer": true,
          "externalId": "fghij_3",
          "group": "bpGroupRecord.name",
          "metasfreshId": 23,
          "name": "bpartnerRecord.name_3",
          "vatId": "VATaxID_3",
          "vendor": true
        },
        "contacts": [
          {
            "active": true,
            "billToDefault": false,
            "changeInfo": {
              "createdBy": 33,
              "createdMillis": 1561133544,
              "lastUpdatedBy": 33,
              "lastUpdatedMillis": 1561133544,
              "changeLogs": [ ]
            },
            "defaultContact": false,
            "email": "contactRecord.email_3",
            "externalId": "contactRecord.externalId_3",
            "firstName": "contactRecord.firstName_3",
            "lastName": "contactRecord.lastName_3",
            "metasfreshBPartnerId": 23,
            "metasfreshId": 33,
            "name": "contactRecord.name_3",
            "newsletter": false,
            "phone": "contactRecord.phone_3",
            "purchase": false,
            "purchaseDefault": false,
            "sales": false,
            "salesDefault": false,
            "shipToDefault": false,
            "subjectMatter": false
          }
        ],
        "locations": [
          {
            "active": true,
            "address1": "locationRecord.address1_3",
            "address2": "locationRecord.address2_3",
            "billTo": false,
            "billToDefault": false,
            "changeInfo": {
              "createdBy": 33,
              "createdMillis": 1561133544,
              "lastUpdatedBy": 33,
              "lastUpdatedMillis": 1561133544,
              "changeLogs": [ ]
            },
            "city": "locationRecord.city_3",
            "countryCode": "countryRecord.countryCode",
            "district": "postalRecord.district_3",
            "externalId": "bpartnerLocation.externalId_3",
            "gln": "bpartnerLocationRecord.gln_3",
            "handoverLocation": false,
            "metasfreshId": 43,
            "poBox": "locationRecord.poBox_3",
            "postal": "locationRecord.postal_3",
            "region": "locationRecord.regionName_3",
            "remitTo": false,
            "replicationLookupDefault": false,
            "shipTo": false,
            "shipToDefault": false,
            "visitorsAddress": false
          }
        ],
        "orgCode": "orgRecord.value"
      }
    ],
    "nextPage": "e57d6ba2-e91e-4557-8fc7-cb3c0acfe1f1_E",
    "pageSize": 2,
    "resultTimestamp": 1561014385,
    "totalSize": 5
  }
]


de.metas.rest_api.v1.bpartner.BpartnerRestControllerTest.retrieveBPartnersSince[page3]=[
  {
    "errors": [ ],
    "items": [
      {
        "bpartner": {
          "active": true,
          "changeInfo": {
            "createdBy": 34,
            "createdMillis": 1561133544,
            "lastUpdatedBy": 34,
            "lastUpdatedMillis": 1561133544,
            "changeLogs": [ ]
          },
          "code": "bpartnerRecord.value_4",
          "company": false,
          "customer": true,
          "externalId": "fghij_4",
          "group": "bpGroupRecord.name",
          "metasfreshId": 24,
          "name": "bpartnerRecord.name_4",
          "vatId": "VATaxID_4",
          "vendor": true
        },
        "contacts": [
          {
            "active": true,
            "billToDefault": false,
            "changeInfo": {
              "createdBy": 34,
              "createdMillis": 1561133544,
              "lastUpdatedBy": 34,
              "lastUpdatedMillis": 1561133544,
              "changeLogs": [ ]
            },
            "defaultContact": false,
            "email": "contactRecord.email_4",
            "externalId": "contactRecord.externalId_4",
            "firstName": "contactRecord.firstName_4",
            "lastName": "contactRecord.lastName_4",
            "metasfreshBPartnerId": 24,
            "metasfreshId": 34,
            "name": "contactRecord.name_4",
            "newsletter": false,
            "phone": "contactRecord.phone_4",
            "purchase": false,
            "purchaseDefault": false,
            "sales": false,
            "salesDefault": false,
            "shipToDefault": false,
            "subjectMatter": false
          }
        ],
        "locations": [
          {
            "active": true,
            "address1": "locationRecord.address1_4",
            "address2": "locationRecord.address2_4",
            "billTo": false,
            "billToDefault": false,
            "changeInfo": {
              "createdBy": 34,
              "createdMillis": 1561133544,
              "lastUpdatedBy": 34,
              "lastUpdatedMillis": 1561133544,
              "changeLogs": [ ]
            },
            "city": "locationRecord.city_4",
            "countryCode": "countryRecord.countryCode",
            "district": "postalRecord.district_4",
            "externalId": "bpartnerLocation.externalId_4",
            "gln": "bpartnerLocationRecord.gln_4",
            "handoverLocation": false,
            "metasfreshId": 44,
            "poBox": "locationRecord.poBox_4",
            "postal": "locationRecord.postal_4",
            "region": "locationRecord.regionName_4",
            "remitTo": false,
            "replicationLookupDefault": false,
            "shipTo": false,
            "shipToDefault": false,
            "visitorsAddress": false
          }
        ],
        "orgCode": "orgRecord.value"
      }
    ],
    "pageSize": 1,
    "resultTimestamp": 1561014385,
    "totalSize": 5
  }
]