de.metas.handlingunits.inventory.draftlinescreator.DraftInventoryLinesCreatorTest.execute_MultipleHUInventoryLineAggregator=[
  {
    "docBaseAndSubType": {
      "docBaseType": "MMI",
      "docSubType": "IAH"
    },
    "docStatus": "Drafted",
    "documentNo": "documentNo",
    "id": 1000000,
    "inventoryType": "PHYSICAL",
    "lines": [
      {
        "asiId": 1000000,
        "counted": false,
        "huAggregationType": "MULTI_HU",
        "id": 1000000,
        "inventoryLineHUs": [
          {
            "huId": 100,
            "id": 1000000,
            "inventoryType": "PHYSICAL",
            "qtyBook": "10 null",
            "qtyCount": "10 null"
          },
          {
            "huId": 200,
            "id": 1000001,
            "inventoryType": "PHYSICAL",
            "qtyBook": "1 null",
            "qtyCount": "1 null"
          }
        ],
        "inventoryType": "PHYSICAL",
        "locatorId": "1000000_1000000",
        "orgId": 5,
        "productId": 40,
        "qtyBookFixed": "11 null",
        "qtyCountFixed": "11 null",
        "storageAttributesKey": "10§&§11"
      },
      {
        "asiId": 1000001,
        "counted": false,
        "huAggregationType": "MULTI_HU",
        "id": 1000001,
        "inventoryLineHUs": [
          {
            "huId": 200,
            "id": 1000002,
            "inventoryType": "PHYSICAL",
            "qtyBook": "1 null",
            "qtyCount": "1 null"
          }
        ],
        "inventoryType": "PHYSICAL",
        "locatorId": "1000000_1000000",
        "orgId": 5,
        "productId": 2,
        "qtyBookFixed": "1 null",
        "qtyCountFixed": "1 null",
        "storageAttributesKey": "10§&§11"
      },
      {
        "asiId": 1000002,
        "counted": false,
        "huAggregationType": "MULTI_HU",
        "id": 1000002,
        "inventoryLineHUs": [
          {
            "huId": 300,
            "id": 1000003,
            "inventoryType": "PHYSICAL",
            "qtyBook": "2 null",
            "qtyCount": "2 null"
          }
        ],
        "inventoryType": "PHYSICAL",
        "locatorId": "1000000_1000000",
        "orgId": 5,
        "productId": 40,
        "qtyBookFixed": "2 null",
        "qtyCountFixed": "2 null",
        "storageAttributesKey": "10§&§11§&§12"
      }
    ],
    "movementDate": "2020-06-15T00:00:00-08:00",
    "orgId": 1000000
  }
]


de.metas.handlingunits.inventory.draftlinescreator.DraftInventoryLinesCreatorTest.execute_MultipleHUInventoryLineAggregator_preAddedHUs=[
  {
    "docBaseAndSubType": {
      "docBaseType": "MMI",
      "docSubType": "IAH"
    },
    "docStatus": "Drafted",
    "documentNo": "documentNo",
    "id": 1000001,
    "inventoryType": "PHYSICAL",
    "lines": [
      {
        "asiId": 1000003,
        "counted": false,
        "huAggregationType": "MULTI_HU",
        "id": 1000003,
        "inventoryLineHUs": [
          {
            "huId": 100,
            "id": 1000004,
            "inventoryType": "PHYSICAL",
            "qtyBook": "10 null",
            "qtyCount": "10 null"
          },
          {
            "huId": 200,
            "id": 1000005,
            "inventoryType": "PHYSICAL",
            "qtyBook": "1 null",
            "qtyCount": "1 null"
          }
        ],
        "inventoryType": "PHYSICAL",
        "locatorId": "1000000_1000000",
        "orgId": 5,
        "productId": 40,
        "qtyBookFixed": "11 null",
        "qtyCountFixed": "11 null",
        "storageAttributesKey": "10§&§11"
      },
      {
        "asiId": 1000004,
        "counted": false,
        "huAggregationType": "MULTI_HU",
        "id": 1000004,
        "inventoryLineHUs": [
          {
            "huId": 300,
            "id": 1000006,
            "inventoryType": "PHYSICAL",
            "qtyBook": "2 null",
            "qtyCount": "2 null"
          },
          {
            "huId": 305,
            "id": 1000007,
            "inventoryType": "PHYSICAL",
            "qtyBook": "2 null",
            "qtyCount": "2 null"
          }
        ],
        "inventoryType": "PHYSICAL",
        "locatorId": "1000000_1000000",
        "orgId": 5,
        "productId": 40,
        "qtyBookFixed": "4 null",
        "qtyCountFixed": "4 null",
        "storageAttributesKey": "10§&§11§&§12"
      }
    ],
    "movementDate": "2020-06-15T00:00:00-08:00",
    "orgId": 1000000
  }
]


de.metas.handlingunits.inventory.draftlinescreator.DraftInventoryLinesCreatorTest.execute_SingleHUInventoryLineAggregator=[
  {
    "docBaseAndSubType": {
      "docBaseType": "MMI",
      "docSubType": "ISH"
    },
    "docStatus": "Drafted",
    "documentNo": "documentNo",
    "id": 1000000,
    "inventoryType": "PHYSICAL",
    "lines": [
      {
        "asiId": 1000000,
        "counted": false,
        "huAggregationType": "SINGLE_HU",
        "id": 1000000,
        "inventoryLineHUs": [
          {
            "huId": 100,
            "inventoryType": "PHYSICAL",
            "qtyBook": "10 null",
            "qtyCount": "10 null"
          }
        ],
        "inventoryType": "PHYSICAL",
        "locatorId": "1000000_1000000",
        "orgId": 5,
        "productId": 40,
        "qtyBookFixed": "10 null",
        "qtyCountFixed": "10 null",
        "storageAttributesKey": "10§&§11"
      },
      {
        "asiId": 1000001,
        "counted": false,
        "huAggregationType": "SINGLE_HU",
        "id": 1000001,
        "inventoryLineHUs": [
          {
            "huId": 200,
            "inventoryType": "PHYSICAL",
            "qtyBook": "1 null",
            "qtyCount": "1 null"
          }
        ],
        "inventoryType": "PHYSICAL",
        "locatorId": "1000000_1000000",
        "orgId": 5,
        "productId": 40,
        "qtyBookFixed": "1 null",
        "qtyCountFixed": "1 null",
        "storageAttributesKey": "10§&§11"
      },
      {
        "asiId": 1000002,
        "counted": false,
        "huAggregationType": "SINGLE_HU",
        "id": 1000002,
        "inventoryLineHUs": [
          {
            "huId": 200,
            "inventoryType": "PHYSICAL",
            "qtyBook": "1 null",
            "qtyCount": "1 null"
          }
        ],
        "inventoryType": "PHYSICAL",
        "locatorId": "1000000_1000000",
        "orgId": 5,
        "productId": 2,
        "qtyBookFixed": "1 null",
        "qtyCountFixed": "1 null",
        "storageAttributesKey": "10§&§11"
      },
      {
        "asiId": 1000003,
        "counted": false,
        "huAggregationType": "SINGLE_HU",
        "id": 1000003,
        "inventoryLineHUs": [
          {
            "huId": 300,
            "inventoryType": "PHYSICAL",
            "qtyBook": "2 null",
            "qtyCount": "2 null"
          }
        ],
        "inventoryType": "PHYSICAL",
        "locatorId": "1000000_1000000",
        "orgId": 5,
        "productId": 40,
        "qtyBookFixed": "2 null",
        "qtyCountFixed": "2 null",
        "storageAttributesKey": "10§&§11§&§12"
      }
    ],
    "movementDate": "2020-06-15T00:00:00-08:00",
    "orgId": 1000000
  }
]