de.metas.rest_api.bpartner.impl.BpartnerRestControllerTest.createOrUpdateBPartner=[
  {
    "bpartner": {
      "id": 100007,
      "externalId": {
        "value": "fghij_2"
      },
      "value": "code",
      "name": "bPartner.name",
      "companyName": "bPartner.companyName",
      "parentId": 1,
      "phone": "bPartner.phone",
      "language": {
        "m_name": "Deutsch",
        "m_AD_Language": "de_DE",
        "m_locale": "de_DE",
        "_decimalPoint": false,
        "_dateFormatPattern": "dd.MM.yyyy",
        "_mediaSize": {
          "x": 210000,
          "y": 297000,
          "mediaName": {
            "value": 4
          }
        },
        "leftToRight": true,
        "decimalPoint": false,
        "baseLanguage": true
      },
      "url": "bPartner.url",
      "groupId": 100001
    },
    "locations": [
      {
        "id": {
          "repoId": 100009,
          "bpartnerId": 100007
        },
        "externalId": {
          "value": "l1_externalId"
        },
        "address1": "l1_address1",
        "address2": "l1_address2",
        "postal": "l1_postal",
        "poBox": "l1_poBox",
        "region": "l1_region",
        "city": "l1_city",
        "countryCode": "CH",
        "gln": "l1_gln"
      },
      {
        "id": {
          "repoId": 100011,
          "bpartnerId": 100007
        },
        "externalId": {
          "value": "l2_externalId"
        },
        "address1": "l2_address1",
        "address2": "l2_address2",
        "postal": "l2_postal",
        "poBox": "l2_poBox",
        "region": "l2_region",
        "city": "l2_city",
        "countryCode": "DE",
        "gln": "l2_gln"
      }
    ],
    "contacts": [
      {
        "id": {
          "repoId": 100012,
          "bpartnerId": 100007
        },
        "externalId": {
          "value": "c1_externalId"
        },
        "email": "c1_email@email.net",
        "phone": "c1_phone"
      },
      {
        "id": {
          "repoId": 100013,
          "bpartnerId": 100007
        },
        "externalId": {
          "value": "c2_externalId"
        },
        "email": "c2_email@email.net",
        "phone": "c2_phone"
      }
    ],
    "orgId": 10
  }
]


de.metas.rest_api.bpartner.impl.BpartnerRestControllerTest.createOrUpdateContact=[
  {
    "bpartner": {
      "id": 20,
      "externalId": {
        "value": "fghij"
      },
      "value": "bpartnerRecord.value",
      "name": "bpartnerRecord.name",
      "groupId": 100001
    },
    "locations": [
      {
        "id": {
          "repoId": 40,
          "bpartnerId": 20
        },
        "externalId": {
          "value": "bpartnerLocation.externalId"
        },
        "address1": "locationRecord.address1",
        "address2": "locationRecord.address2",
        "postal": "locationRecord.postal",
        "poBox": "locationRecord.poBox",
        "region": "locationRecord.regionName",
        "city": "locationRecord.city",
        "countryCode": "countryRecord.countryCode",
        "gln": "bpartnerLocationRecord.gln"
      }
    ],
    "contacts": [
      {
        "id": {
          "repoId": 30,
          "bpartnerId": 20
        },
        "externalId": {
          "value": "abcde"
        },
        "name": "bpartnerRecord.name",
        "firstName": "bpartnerRecord.firstName",
        "lastName": "bpartnerRecord.lastName",
        "email": "bpartnerRecord.email",
        "phone": "bpartnerRecord.phone"
      },
      {
        "id": {
          "repoId": 100005,
          "bpartnerId": 20
        },
        "externalId": {
          "value": "newContact-_externalId"
        },
        "email": "newContact-_email@email.net",
        "phone": "newContact-_phone"
      }
    ],
    "orgId": 10
  }
]


de.metas.rest_api.bpartner.impl.BpartnerRestControllerTest.createOrUpdateLocation=[
  {
    "bpartner": {
      "id": 20,
      "externalId": {
        "value": "fghij"
      },
      "value": "bpartnerRecord.value",
      "name": "bpartnerRecord.name",
      "groupId": 100001
    },
    "locations": [
      {
        "id": {
          "repoId": 40,
          "bpartnerId": 20
        },
        "externalId": {
          "value": "bpartnerLocation.externalId"
        },
        "address1": "locationRecord.address1",
        "address2": "locationRecord.address2",
        "postal": "locationRecord.postal",
        "poBox": "locationRecord.poBox",
        "region": "locationRecord.regionName",
        "city": "locationRecord.city",
        "countryCode": "countryRecord.countryCode",
        "gln": "bpartnerLocationRecord.gln"
      },
      {
        "id": {
          "repoId": 100007,
          "bpartnerId": 20
        },
        "externalId": {
          "value": "newLocation-_externalId"
        },
        "address1": "newLocation-_address1",
        "address2": "newLocation-_address2",
        "postal": "newLocation-_postal",
        "poBox": "newLocation-_poBox",
        "region": "newLocation-_region",
        "city": "newLocation-_city",
        "countryCode": "DE",
        "gln": "newLocation-_gln"
      }
    ],
    "contacts": [
      {
        "id": {
          "repoId": 30,
          "bpartnerId": 20
        },
        "externalId": {
          "value": "abcde"
        },
        "name": "bpartnerRecord.name",
        "firstName": "bpartnerRecord.firstName",
        "lastName": "bpartnerRecord.lastName",
        "email": "bpartnerRecord.email",
        "phone": "bpartnerRecord.phone"
      }
    ],
    "orgId": 10
  }
]


de.metas.rest_api.bpartner.impl.BpartnerRestControllerTest.retrieveBPartnerContact=[
  {
    "metasfreshId": 30,
    "externalId": "abcde",
    "metasfreshBPartnerId": 20,
    "name": "bpartnerRecord.name",
    "firstName": "bpartnerRecord.firstName",
    "lastName": "bpartnerRecord.lastName",
    "email": "bpartnerRecord.email",
    "phone": "bpartnerRecord.phone"
  }
]


de.metas.rest_api.bpartner.impl.BpartnerRestControllerTest.retrieveBPartnerLocation=[
  {
    "metasfreshId": 40,
    "externalId": "bpartnerLocation.externalId",
    "address1": "locationRecord.address1",
    "address2": "locationRecord.address2",
    "postal": "locationRecord.postal",
    "poBox": "locationRecord.poBox",
    "district": "postalRecord.district",
    "region": "locationRecord.regionName",
    "city": "locationRecord.city",
    "countryCode": "countryRecord.countryCode",
    "gln": "bpartnerLocationRecord.gln"
  }
]


de.metas.rest_api.bpartner.impl.BpartnerRestControllerTest.retrieveBPartner_ext=[
  {
    "bpartner": {
      "metasfreshId": 20,
      "externalId": "fghij",
      "code": "bpartnerRecord.value",
      "name": "bpartnerRecord.name",
      "group": "bpGroupRecord.name"
    },
    "locations": [
      {
        "metasfreshId": 40,
        "externalId": "bpartnerLocation.externalId",
        "address1": "locationRecord.address1",
        "address2": "locationRecord.address2",
        "postal": "locationRecord.postal",
        "poBox": "locationRecord.poBox",
        "district": "postalRecord.district",
        "region": "locationRecord.regionName",
        "city": "locationRecord.city",
        "countryCode": "countryRecord.countryCode",
        "gln": "bpartnerLocationRecord.gln"
      }
    ],
    "contacts": [
      {
        "metasfreshId": 30,
        "externalId": "abcde",
        "metasfreshBPartnerId": 20,
        "name": "bpartnerRecord.name",
        "firstName": "bpartnerRecord.firstName",
        "lastName": "bpartnerRecord.lastName",
        "email": "bpartnerRecord.email",
        "phone": "bpartnerRecord.phone"
      }
    ]
  }
]


de.metas.rest_api.bpartner.impl.BpartnerRestControllerTest.retrieveBPartner_gln=[
  {
    "bpartner": {
      "metasfreshId": 20,
      "externalId": "fghij",
      "code": "bpartnerRecord.value",
      "name": "bpartnerRecord.name",
      "group": "bpGroupRecord.name"
    },
    "locations": [
      {
        "metasfreshId": 40,
        "externalId": "bpartnerLocation.externalId",
        "address1": "locationRecord.address1",
        "address2": "locationRecord.address2",
        "postal": "locationRecord.postal",
        "poBox": "locationRecord.poBox",
        "district": "postalRecord.district",
        "region": "locationRecord.regionName",
        "city": "locationRecord.city",
        "countryCode": "countryRecord.countryCode",
        "gln": "bpartnerLocationRecord.gln"
      }
    ],
    "contacts": [
      {
        "metasfreshId": 30,
        "externalId": "abcde",
        "metasfreshBPartnerId": 20,
        "name": "bpartnerRecord.name",
        "firstName": "bpartnerRecord.firstName",
        "lastName": "bpartnerRecord.lastName",
        "email": "bpartnerRecord.email",
        "phone": "bpartnerRecord.phone"
      }
    ]
  }
]


de.metas.rest_api.bpartner.impl.BpartnerRestControllerTest.retrieveBPartner_id=[
  {
    "bpartner": {
      "metasfreshId": 20,
      "externalId": "fghij",
      "code": "bpartnerRecord.value",
      "name": "bpartnerRecord.name",
      "group": "bpGroupRecord.name"
    },
    "locations": [
      {
        "metasfreshId": 40,
        "externalId": "bpartnerLocation.externalId",
        "address1": "locationRecord.address1",
        "address2": "locationRecord.address2",
        "postal": "locationRecord.postal",
        "poBox": "locationRecord.poBox",
        "district": "postalRecord.district",
        "region": "locationRecord.regionName",
        "city": "locationRecord.city",
        "countryCode": "countryRecord.countryCode",
        "gln": "bpartnerLocationRecord.gln"
      }
    ],
    "contacts": [
      {
        "metasfreshId": 30,
        "externalId": "abcde",
        "metasfreshBPartnerId": 20,
        "name": "bpartnerRecord.name",
        "firstName": "bpartnerRecord.firstName",
        "lastName": "bpartnerRecord.lastName",
        "email": "bpartnerRecord.email",
        "phone": "bpartnerRecord.phone"
      }
    ]
  }
]