de.metas.rest_api.ordercandidates.impl.OrderCandidatesRestControllerImplTest.billToDefault_exitingBPartner=[
  {
    "id": 100039,
    "externalLineId": "65e71492fecca21fdc3e68e5f9bd7e32-1-2-1",
    "externalHeaderId": "65e71492fecca21fdc3e68e5f9bd7e32-1-2",
    "poReference": "1000172362-1-2",
    "org": {
      "code": "001",
      "syncAdvise": {
        "ifNotExists": "FAIL",
        "ifExists": "DONT_UPDATE"
      }
    },
    "bpartner": {
      "bpartner": {
        "metasfreshId": 100026,
        "externalId": "1-2",
        "code": "bpValue",
        "active": true,
        "name": "Bill  First",
        "group": "DefaultGroup",
        "vendor": false,
        "customer": true,
        "changeInfo": {
          "createdMillis": 1584396436193,
          "lastUpdatedMillis": 1584400046193
        }
      },
      "location": {
        "metasfreshId": 100028,
        "externalId": "billToId-1-2",
        "name": "bpartner.location.address1 28",
        "active": true,
        "address1": "bpartner.location.address1 28",
        "postal": "bpartner.location.postal",
        "city": "bpartner.location.city",
        "countryCode": "DE",
        "shipTo": false,
        "shipToDefault": false,
        "billTo": true,
        "billToDefault": true,
        "changeInfo": {
          "createdMillis": 1584396436193,
          "lastUpdatedMillis": 1584400046193
        }
      },
      "contact": {
        "metasfreshId": 100036,
        "externalId": "billToId-1-2",
        "metasfreshBPartnerId": 100026,
        "active": true,
        "name": "Bill  Last",
        "firstName": "Bill",
        "lastName": "Last",
        "email": "first_last@mail.org",
        "newsletter": false,
        "shipToDefault": false,
        "billToDefault": false,
        "defaultContact": false,
        "sales": false,
        "salesDefault": false,
        "purchase": false,
        "purchaseDefault": false,
        "subjectMatter": false,
        "changeInfo": {
          "createdMillis": 1584400046193,
          "lastUpdatedMillis": 1584400046193
        }
      }
    },
    "billBPartner": {
      "bpartner": {
        "metasfreshId": 100026,
        "externalId": "1-2",
        "code": "bpValue",
        "active": true,
        "name": "Bill  First",
        "group": "DefaultGroup",
        "vendor": false,
        "customer": true,
        "changeInfo": {
          "createdMillis": 1584396436193,
          "lastUpdatedMillis": 1584400046193
        }
      },
      "location": {
        "metasfreshId": 100028,
        "externalId": "billToId-1-2",
        "name": "bpartner.location.address1 28",
        "active": true,
        "address1": "bpartner.location.address1 28",
        "postal": "bpartner.location.postal",
        "city": "bpartner.location.city",
        "countryCode": "DE",
        "shipTo": false,
        "shipToDefault": false,
        "billTo": true,
        "billToDefault": true,
        "changeInfo": {
          "createdMillis": 1584396436193,
          "lastUpdatedMillis": 1584400046193
        }
      },
      "contact": {
        "metasfreshId": 100036,
        "externalId": "billToId-1-2",
        "metasfreshBPartnerId": 100026,
        "active": true,
        "name": "Bill  Last",
        "firstName": "Bill",
        "lastName": "Last",
        "email": "first_last@mail.org",
        "newsletter": false,
        "shipToDefault": false,
        "billToDefault": false,
        "defaultContact": false,
        "sales": false,
        "salesDefault": false,
        "purchase": false,
        "purchaseDefault": false,
        "subjectMatter": false,
        "changeInfo": {
          "createdMillis": 1584400046193,
          "lastUpdatedMillis": 1584400046193
        }
      }
    },
    "dropShipBPartner": {
      "bpartner": {
        "metasfreshId": 100026,
        "externalId": "1-2",
        "code": "bpValue",
        "active": true,
        "name": "Bill  First",
        "group": "DefaultGroup",
        "vendor": false,
        "customer": true,
        "changeInfo": {
          "createdMillis": 1584396436193,
          "lastUpdatedMillis": 1584400046193
        }
      },
      "location": {
        "metasfreshId": 100030,
        "externalId": "shipToId-1-2",
        "active": true,
        "countryCode": "DE",
        "shipTo": true,
        "shipToDefault": false,
        "billTo": false,
        "billToDefault": false,
        "changeInfo": {
          "createdMillis": 1584396436193,
          "lastUpdatedMillis": 1584400046193
        }
      },
      "contact": {
        "metasfreshId": 100037,
        "externalId": "shipToId-1-2",
        "metasfreshBPartnerId": 100026,
        "active": true,
        "name": "First  Last",
        "firstName": "First",
        "lastName": "Last",
        "email": "first_last@mail.org",
        "newsletter": false,
        "shipToDefault": false,
        "billToDefault": false,
        "defaultContact": false,
        "sales": false,
        "salesDefault": false,
        "purchase": false,
        "purchaseDefault": false,
        "subjectMatter": false,
        "changeInfo": {
          "createdMillis": 1584400046193,
          "lastUpdatedMillis": 1584400046193
        }
      }
    },
    "dateOrdered": {
      "year": 2019,
      "month": 11,
      "day": 21,
      "leapYear": false
    },
    "datePromised": {
      "year": 2019,
      "month": 11,
      "day": 21,
      "leapYear": false
    },
    "flatrateConditionsId": 0,
    "productId": 100005,
    "qty": 1,
    "uomId": 100004,
    "qtyItemCapacity": 0,
    "huPIItemProductId": -1,
    "pricingSystemId": 100022,
    "price": 0,
    "discount": 0,
    "warehouseDestId": -1
  }
]


de.metas.rest_api.ordercandidates.impl.OrderCandidatesRestControllerImplTest.billToDefault_newBPartner=[
  {
    "id": 100034,
    "externalLineId": "65e71492fecca21fdc3e68e5f9bd7e32-1-2-1",
    "externalHeaderId": "65e71492fecca21fdc3e68e5f9bd7e32-1-2",
    "poReference": "1000172362-1-2",
    "org": {
      "code": "001",
      "syncAdvise": {
        "ifNotExists": "FAIL",
        "ifExists": "DONT_UPDATE"
      }
    },
    "bpartner": {
      "bpartner": {
        "metasfreshId": 100026,
        "externalId": "1-2",
        "active": true,
        "name": "Bill  First",
        "group": "DefaultGroup",
        "vendor": false,
        "customer": true,
        "changeInfo": {
          "createdMillis": 1584396436193,
          "lastUpdatedMillis": 1584396436193
        }
      },
      "location": {
        "metasfreshId": 100028,
        "externalId": "billToId-1-2",
        "name": "bpartner.location.address1 28",
        "active": true,
        "address1": "bpartner.location.address1 28",
        "postal": "bpartner.location.postal",
        "city": "bpartner.location.city",
        "countryCode": "DE",
        "shipTo": false,
        "shipToDefault": false,
        "billTo": true,
        "billToDefault": true,
        "changeInfo": {
          "createdMillis": 1584396436193,
          "lastUpdatedMillis": 1584396436193
        }
      },
      "contact": {
        "metasfreshId": 100029,
        "externalId": "billToId-1-2",
        "metasfreshBPartnerId": 100026,
        "active": true,
        "name": "Bill  Last",
        "firstName": "Bill",
        "lastName": "Last",
        "email": "first_last@mail.org",
        "newsletter": false,
        "shipToDefault": false,
        "billToDefault": false,
        "defaultContact": false,
        "sales": false,
        "salesDefault": false,
        "purchase": false,
        "purchaseDefault": false,
        "subjectMatter": false,
        "changeInfo": {
          "createdMillis": 1584396436193,
          "lastUpdatedMillis": 1584396436193
        }
      }
    },
    "billBPartner": {
      "bpartner": {
        "metasfreshId": 100026,
        "externalId": "1-2",
        "active": true,
        "name": "Bill  First",
        "group": "DefaultGroup",
        "vendor": false,
        "customer": true,
        "changeInfo": {
          "createdMillis": 1584396436193,
          "lastUpdatedMillis": 1584396436193
        }
      },
      "location": {
        "metasfreshId": 100028,
        "externalId": "billToId-1-2",
        "name": "bpartner.location.address1 28",
        "active": true,
        "address1": "bpartner.location.address1 28",
        "postal": "bpartner.location.postal",
        "city": "bpartner.location.city",
        "countryCode": "DE",
        "shipTo": false,
        "shipToDefault": false,
        "billTo": true,
        "billToDefault": true,
        "changeInfo": {
          "createdMillis": 1584396436193,
          "lastUpdatedMillis": 1584396436193
        }
      },
      "contact": {
        "metasfreshId": 100029,
        "externalId": "billToId-1-2",
        "metasfreshBPartnerId": 100026,
        "active": true,
        "name": "Bill  Last",
        "firstName": "Bill",
        "lastName": "Last",
        "email": "first_last@mail.org",
        "newsletter": false,
        "shipToDefault": false,
        "billToDefault": false,
        "defaultContact": false,
        "sales": false,
        "salesDefault": false,
        "purchase": false,
        "purchaseDefault": false,
        "subjectMatter": false,
        "changeInfo": {
          "createdMillis": 1584396436193,
          "lastUpdatedMillis": 1584396436193
        }
      }
    },
    "dropShipBPartner": {
      "bpartner": {
        "metasfreshId": 100026,
        "externalId": "1-2",
        "active": true,
        "name": "Bill  First",
        "group": "DefaultGroup",
        "vendor": false,
        "customer": true,
        "changeInfo": {
          "createdMillis": 1584396436193,
          "lastUpdatedMillis": 1584396436193
        }
      },
      "location": {
        "metasfreshId": 100031,
        "externalId": "shipToId-1-2",
        "name": "dropShipPartner.lcocation.address1 28",
        "bpartnerName": "First  Last",
        "active": true,
        "address1": "dropShipPartner.lcocation.address1 28",
        "postal": "bpartner.location.postal",
        "city": "bpartner.location.city",
        "countryCode": "DE",
        "shipTo": true,
        "shipToDefault": false,
        "billTo": false,
        "billToDefault": false,
        "changeInfo": {
          "createdMillis": 1584396436193,
          "lastUpdatedMillis": 1584396436193
        }
      },
      "contact": {
        "metasfreshId": 100032,
        "externalId": "shipToId-1-2",
        "metasfreshBPartnerId": 100026,
        "active": true,
        "name": "First  Last",
        "firstName": "First",
        "lastName": "Last",
        "email": "first_last@mail.org",
        "newsletter": false,
        "shipToDefault": false,
        "billToDefault": false,
        "defaultContact": false,
        "sales": false,
        "salesDefault": false,
        "purchase": false,
        "purchaseDefault": false,
        "subjectMatter": false,
        "changeInfo": {
          "createdMillis": 1584396436193,
          "lastUpdatedMillis": 1584396436193
        }
      }
    },
    "dateOrdered": {
      "year": 2019,
      "month": 11,
      "day": 21,
      "leapYear": false
    },
    "datePromised": {
      "year": 2019,
      "month": 11,
      "day": 21,
      "leapYear": false
    },
    "flatrateConditionsId": 0,
    "productId": 100005,
    "qty": 1,
    "uomId": 100004,
    "qtyItemCapacity": 0,
    "huPIItemProductId": -1,
    "pricingSystemId": 100022,
    "price": 0,
    "discount": 0,
    "warehouseDestId": -1
  }
]


de.metas.rest_api.ordercandidates.impl.OrderCandidatesRestControllerImplTest.createOrderLineCandidates=[
  [
    {
      "id": 100046,
      "externalLineId": "2009_01:001_EAN-2011234567890_EAN-7634567890000_1",
      "externalHeaderId": "2011234567890_2009_01:001",
      "poReference": "2009_01:001",
      "org": {
        "code": "EAN-2011234567890",
        "name": "Biller AG",
        "syncAdvise": {
          "ifNotExists": "FAIL",
          "ifExists": "DONT_UPDATE"
        }
      },
      "bpartner": {
        "bpartner": {
          "metasfreshId": 100027,
          "externalId": "EAN-7634567890000",
          "code": "Krankenkasse AG",
          "active": true,
          "name": "Krankenkasse AG",
          "group": "DefaultGroup",
          "vendor": false,
          "customer": true,
          "changeInfo": {
            "createdMillis": 1584396436193,
            "lastUpdatedMillis": 1584396436193
          }
        },
        "location": {
          "metasfreshId": 100029,
          "externalId": "EAN-7634567890000_singleAddress",
          "active": true,
          "address1": "Kassengraben 222",
          "city": "Basel",
          "gln": "7634567890000",
          "countryCode": "CH",
          "shipTo": false,
          "shipToDefault": false,
          "billTo": false,
          "billToDefault": false,
          "changeInfo": {
            "createdMillis": 1584396436193,
            "lastUpdatedMillis": 1584396436193
          }
        }
      },
      "billBPartner": {
        "bpartner": {
          "metasfreshId": 100027,
          "externalId": "EAN-7634567890000",
          "code": "Krankenkasse AG",
          "active": true,
          "name": "Krankenkasse AG",
          "group": "DefaultGroup",
          "vendor": false,
          "customer": true,
          "changeInfo": {
            "createdMillis": 1584396436193,
            "lastUpdatedMillis": 1584396436193
          }
        },
        "location": {
          "metasfreshId": 100029,
          "externalId": "EAN-7634567890000_singleAddress",
          "active": true,
          "address1": "Kassengraben 222",
          "city": "Basel",
          "gln": "7634567890000",
          "countryCode": "CH",
          "shipTo": false,
          "shipToDefault": false,
          "billTo": false,
          "billToDefault": false,
          "changeInfo": {
            "createdMillis": 1584396436193,
            "lastUpdatedMillis": 1584396436193
          }
        }
      },
      "datePromised": {
        "year": 2013,
        "month": 3,
        "day": 20,
        "leapYear": false
      },
      "flatrateConditionsId": 0,
      "productId": 100030,
      "qty": 1,
      "uomId": 100004,
      "qtyItemCapacity": 0,
      "huPIItemProductId": 0,
      "pricingSystemId": -1,
      "price": 0,
      "discount": 0,
      "warehouseDestId": -1
    },
    {
      "id": 100047,
      "externalLineId": "2009_01:001_EAN-2011234567890_EAN-7634567890000_2",
      "externalHeaderId": "2011234567890_2009_01:001",
      "poReference": "2009_01:001",
      "org": {
        "code": "EAN-2011234567890",
        "name": "Biller AG",
        "syncAdvise": {
          "ifNotExists": "FAIL",
          "ifExists": "DONT_UPDATE"
        }
      },
      "bpartner": {
        "bpartner": {
          "metasfreshId": 100027,
          "externalId": "EAN-7634567890000",
          "code": "Krankenkasse AG",
          "active": true,
          "name": "Krankenkasse AG",
          "group": "DefaultGroup",
          "vendor": false,
          "customer": true,
          "changeInfo": {
            "createdMillis": 1584396436193,
            "lastUpdatedMillis": 1584396436193
          }
        },
        "location": {
          "metasfreshId": 100029,
          "externalId": "EAN-7634567890000_singleAddress",
          "active": true,
          "address1": "Kassengraben 222",
          "city": "Basel",
          "gln": "7634567890000",
          "countryCode": "CH",
          "shipTo": false,
          "shipToDefault": false,
          "billTo": false,
          "billToDefault": false,
          "changeInfo": {
            "createdMillis": 1584396436193,
            "lastUpdatedMillis": 1584396436193
          }
        }
      },
      "billBPartner": {
        "bpartner": {
          "metasfreshId": 100027,
          "externalId": "EAN-7634567890000",
          "code": "Krankenkasse AG",
          "active": true,
          "name": "Krankenkasse AG",
          "group": "DefaultGroup",
          "vendor": false,
          "customer": true,
          "changeInfo": {
            "createdMillis": 1584396436193,
            "lastUpdatedMillis": 1584396436193
          }
        },
        "location": {
          "metasfreshId": 100029,
          "externalId": "EAN-7634567890000_singleAddress",
          "active": true,
          "address1": "Kassengraben 222",
          "city": "Basel",
          "gln": "7634567890000",
          "countryCode": "CH",
          "shipTo": false,
          "shipToDefault": false,
          "billTo": false,
          "billToDefault": false,
          "changeInfo": {
            "createdMillis": 1584396436193,
            "lastUpdatedMillis": 1584396436193
          }
        }
      },
      "datePromised": {
        "year": 2013,
        "month": 3,
        "day": 20,
        "leapYear": false
      },
      "flatrateConditionsId": 0,
      "productId": 100031,
      "qty": 1,
      "uomId": 100004,
      "qtyItemCapacity": 0,
      "huPIItemProductId": 0,
      "pricingSystemId": -1,
      "price": 0,
      "discount": 0,
      "warehouseDestId": -1
    },
    {
      "id": 100048,
      "externalLineId": "2009_01:001_EAN-2011234567890_EAN-7634567890000_3",
      "externalHeaderId": "2011234567890_2009_01:001",
      "poReference": "2009_01:001",
      "org": {
        "code": "EAN-2011234567890",
        "name": "Biller AG",
        "syncAdvise": {
          "ifNotExists": "FAIL",
          "ifExists": "DONT_UPDATE"
        }
      },
      "bpartner": {
        "bpartner": {
          "metasfreshId": 100027,
          "externalId": "EAN-7634567890000",
          "code": "Krankenkasse AG",
          "active": true,
          "name": "Krankenkasse AG",
          "group": "DefaultGroup",
          "vendor": false,
          "customer": true,
          "changeInfo": {
            "createdMillis": 1584396436193,
            "lastUpdatedMillis": 1584396436193
          }
        },
        "location": {
          "metasfreshId": 100029,
          "externalId": "EAN-7634567890000_singleAddress",
          "active": true,
          "address1": "Kassengraben 222",
          "city": "Basel",
          "gln": "7634567890000",
          "countryCode": "CH",
          "shipTo": false,
          "shipToDefault": false,
          "billTo": false,
          "billToDefault": false,
          "changeInfo": {
            "createdMillis": 1584396436193,
            "lastUpdatedMillis": 1584396436193
          }
        }
      },
      "billBPartner": {
        "bpartner": {
          "metasfreshId": 100027,
          "externalId": "EAN-7634567890000",
          "code": "Krankenkasse AG",
          "active": true,
          "name": "Krankenkasse AG",
          "group": "DefaultGroup",
          "vendor": false,
          "customer": true,
          "changeInfo": {
            "createdMillis": 1584396436193,
            "lastUpdatedMillis": 1584396436193
          }
        },
        "location": {
          "metasfreshId": 100029,
          "externalId": "EAN-7634567890000_singleAddress",
          "active": true,
          "address1": "Kassengraben 222",
          "city": "Basel",
          "gln": "7634567890000",
          "countryCode": "CH",
          "shipTo": false,
          "shipToDefault": false,
          "billTo": false,
          "billToDefault": false,
          "changeInfo": {
            "createdMillis": 1584396436193,
            "lastUpdatedMillis": 1584396436193
          }
        }
      },
      "datePromised": {
        "year": 2013,
        "month": 3,
        "day": 20,
        "leapYear": false
      },
      "flatrateConditionsId": 0,
      "productId": 100032,
      "qty": 1,
      "uomId": 100004,
      "qtyItemCapacity": 0,
      "huPIItemProductId": 0,
      "pricingSystemId": -1,
      "price": 0,
      "discount": 0,
      "warehouseDestId": -1
    },
    {
      "id": 100049,
      "externalLineId": "2009_01:001_EAN-2011234567890_EAN-7634567890000_4",
      "externalHeaderId": "2011234567890_2009_01:001",
      "poReference": "2009_01:001",
      "org": {
        "code": "EAN-2011234567890",
        "name": "Biller AG",
        "syncAdvise": {
          "ifNotExists": "FAIL",
          "ifExists": "DONT_UPDATE"
        }
      },
      "bpartner": {
        "bpartner": {
          "metasfreshId": 100027,
          "externalId": "EAN-7634567890000",
          "code": "Krankenkasse AG",
          "active": true,
          "name": "Krankenkasse AG",
          "group": "DefaultGroup",
          "vendor": false,
          "customer": true,
          "changeInfo": {
            "createdMillis": 1584396436193,
            "lastUpdatedMillis": 1584396436193
          }
        },
        "location": {
          "metasfreshId": 100029,
          "externalId": "EAN-7634567890000_singleAddress",
          "active": true,
          "address1": "Kassengraben 222",
          "city": "Basel",
          "gln": "7634567890000",
          "countryCode": "CH",
          "shipTo": false,
          "shipToDefault": false,
          "billTo": false,
          "billToDefault": false,
          "changeInfo": {
            "createdMillis": 1584396436193,
            "lastUpdatedMillis": 1584396436193
          }
        }
      },
      "billBPartner": {
        "bpartner": {
          "metasfreshId": 100027,
          "externalId": "EAN-7634567890000",
          "code": "Krankenkasse AG",
          "active": true,
          "name": "Krankenkasse AG",
          "group": "DefaultGroup",
          "vendor": false,
          "customer": true,
          "changeInfo": {
            "createdMillis": 1584396436193,
            "lastUpdatedMillis": 1584396436193
          }
        },
        "location": {
          "metasfreshId": 100029,
          "externalId": "EAN-7634567890000_singleAddress",
          "active": true,
          "address1": "Kassengraben 222",
          "city": "Basel",
          "gln": "7634567890000",
          "countryCode": "CH",
          "shipTo": false,
          "shipToDefault": false,
          "billTo": false,
          "billToDefault": false,
          "changeInfo": {
            "createdMillis": 1584396436193,
            "lastUpdatedMillis": 1584396436193
          }
        }
      },
      "datePromised": {
        "year": 2013,
        "month": 3,
        "day": 20,
        "leapYear": false
      },
      "flatrateConditionsId": 0,
      "productId": 100033,
      "qty": 1,
      "uomId": 100004,
      "qtyItemCapacity": 0,
      "huPIItemProductId": 0,
      "pricingSystemId": -1,
      "price": 0,
      "discount": 0,
      "warehouseDestId": -1
    },
    {
      "id": 100050,
      "externalLineId": "2009_01:001_EAN-2011234567890_EAN-7634567890000_5",
      "externalHeaderId": "2011234567890_2009_01:001",
      "poReference": "2009_01:001",
      "org": {
        "code": "EAN-2011234567890",
        "name": "Biller AG",
        "syncAdvise": {
          "ifNotExists": "FAIL",
          "ifExists": "DONT_UPDATE"
        }
      },
      "bpartner": {
        "bpartner": {
          "metasfreshId": 100027,
          "externalId": "EAN-7634567890000",
          "code": "Krankenkasse AG",
          "active": true,
          "name": "Krankenkasse AG",
          "group": "DefaultGroup",
          "vendor": false,
          "customer": true,
          "changeInfo": {
            "createdMillis": 1584396436193,
            "lastUpdatedMillis": 1584396436193
          }
        },
        "location": {
          "metasfreshId": 100029,
          "externalId": "EAN-7634567890000_singleAddress",
          "active": true,
          "address1": "Kassengraben 222",
          "city": "Basel",
          "gln": "7634567890000",
          "countryCode": "CH",
          "shipTo": false,
          "shipToDefault": false,
          "billTo": false,
          "billToDefault": false,
          "changeInfo": {
            "createdMillis": 1584396436193,
            "lastUpdatedMillis": 1584396436193
          }
        }
      },
      "billBPartner": {
        "bpartner": {
          "metasfreshId": 100027,
          "externalId": "EAN-7634567890000",
          "code": "Krankenkasse AG",
          "active": true,
          "name": "Krankenkasse AG",
          "group": "DefaultGroup",
          "vendor": false,
          "customer": true,
          "changeInfo": {
            "createdMillis": 1584396436193,
            "lastUpdatedMillis": 1584396436193
          }
        },
        "location": {
          "metasfreshId": 100029,
          "externalId": "EAN-7634567890000_singleAddress",
          "active": true,
          "address1": "Kassengraben 222",
          "city": "Basel",
          "gln": "7634567890000",
          "countryCode": "CH",
          "shipTo": false,
          "shipToDefault": false,
          "billTo": false,
          "billToDefault": false,
          "changeInfo": {
            "createdMillis": 1584396436193,
            "lastUpdatedMillis": 1584396436193
          }
        }
      },
      "datePromised": {
        "year": 2013,
        "month": 3,
        "day": 20,
        "leapYear": false
      },
      "flatrateConditionsId": 0,
      "productId": 100034,
      "qty": 1,
      "uomId": 100004,
      "qtyItemCapacity": 0,
      "huPIItemProductId": 0,
      "pricingSystemId": -1,
      "price": 0,
      "discount": 0,
      "warehouseDestId": -1
    },
    {
      "id": 100051,
      "externalLineId": "2009_01:001_EAN-2011234567890_EAN-7634567890000_6",
      "externalHeaderId": "2011234567890_2009_01:001",
      "poReference": "2009_01:001",
      "org": {
        "code": "EAN-2011234567890",
        "name": "Biller AG",
        "syncAdvise": {
          "ifNotExists": "FAIL",
          "ifExists": "DONT_UPDATE"
        }
      },
      "bpartner": {
        "bpartner": {
          "metasfreshId": 100027,
          "externalId": "EAN-7634567890000",
          "code": "Krankenkasse AG",
          "active": true,
          "name": "Krankenkasse AG",
          "group": "DefaultGroup",
          "vendor": false,
          "customer": true,
          "changeInfo": {
            "createdMillis": 1584396436193,
            "lastUpdatedMillis": 1584396436193
          }
        },
        "location": {
          "metasfreshId": 100029,
          "externalId": "EAN-7634567890000_singleAddress",
          "active": true,
          "address1": "Kassengraben 222",
          "city": "Basel",
          "gln": "7634567890000",
          "countryCode": "CH",
          "shipTo": false,
          "shipToDefault": false,
          "billTo": false,
          "billToDefault": false,
          "changeInfo": {
            "createdMillis": 1584396436193,
            "lastUpdatedMillis": 1584396436193
          }
        }
      },
      "billBPartner": {
        "bpartner": {
          "metasfreshId": 100027,
          "externalId": "EAN-7634567890000",
          "code": "Krankenkasse AG",
          "active": true,
          "name": "Krankenkasse AG",
          "group": "DefaultGroup",
          "vendor": false,
          "customer": true,
          "changeInfo": {
            "createdMillis": 1584396436193,
            "lastUpdatedMillis": 1584396436193
          }
        },
        "location": {
          "metasfreshId": 100029,
          "externalId": "EAN-7634567890000_singleAddress",
          "active": true,
          "address1": "Kassengraben 222",
          "city": "Basel",
          "gln": "7634567890000",
          "countryCode": "CH",
          "shipTo": false,
          "shipToDefault": false,
          "billTo": false,
          "billToDefault": false,
          "changeInfo": {
            "createdMillis": 1584396436193,
            "lastUpdatedMillis": 1584396436193
          }
        }
      },
      "datePromised": {
        "year": 2013,
        "month": 3,
        "day": 20,
        "leapYear": false
      },
      "flatrateConditionsId": 0,
      "productId": 100035,
      "qty": 1,
      "uomId": 100004,
      "qtyItemCapacity": 0,
      "huPIItemProductId": 0,
      "pricingSystemId": -1,
      "price": 0,
      "discount": 0,
      "warehouseDestId": -1
    },
    {
      "id": 100052,
      "externalLineId": "2009_01:001_EAN-2011234567890_EAN-7634567890000_7",
      "externalHeaderId": "2011234567890_2009_01:001",
      "poReference": "2009_01:001",
      "org": {
        "code": "EAN-2011234567890",
        "name": "Biller AG",
        "syncAdvise": {
          "ifNotExists": "FAIL",
          "ifExists": "DONT_UPDATE"
        }
      },
      "bpartner": {
        "bpartner": {
          "metasfreshId": 100027,
          "externalId": "EAN-7634567890000",
          "code": "Krankenkasse AG",
          "active": true,
          "name": "Krankenkasse AG",
          "group": "DefaultGroup",
          "vendor": false,
          "customer": true,
          "changeInfo": {
            "createdMillis": 1584396436193,
            "lastUpdatedMillis": 1584396436193
          }
        },
        "location": {
          "metasfreshId": 100029,
          "externalId": "EAN-7634567890000_singleAddress",
          "active": true,
          "address1": "Kassengraben 222",
          "city": "Basel",
          "gln": "7634567890000",
          "countryCode": "CH",
          "shipTo": false,
          "shipToDefault": false,
          "billTo": false,
          "billToDefault": false,
          "changeInfo": {
            "createdMillis": 1584396436193,
            "lastUpdatedMillis": 1584396436193
          }
        }
      },
      "billBPartner": {
        "bpartner": {
          "metasfreshId": 100027,
          "externalId": "EAN-7634567890000",
          "code": "Krankenkasse AG",
          "active": true,
          "name": "Krankenkasse AG",
          "group": "DefaultGroup",
          "vendor": false,
          "customer": true,
          "changeInfo": {
            "createdMillis": 1584396436193,
            "lastUpdatedMillis": 1584396436193
          }
        },
        "location": {
          "metasfreshId": 100029,
          "externalId": "EAN-7634567890000_singleAddress",
          "active": true,
          "address1": "Kassengraben 222",
          "city": "Basel",
          "gln": "7634567890000",
          "countryCode": "CH",
          "shipTo": false,
          "shipToDefault": false,
          "billTo": false,
          "billToDefault": false,
          "changeInfo": {
            "createdMillis": 1584396436193,
            "lastUpdatedMillis": 1584396436193
          }
        }
      },
      "datePromised": {
        "year": 2013,
        "month": 3,
        "day": 20,
        "leapYear": false
      },
      "flatrateConditionsId": 0,
      "productId": 100030,
      "qty": 1,
      "uomId": 100004,
      "qtyItemCapacity": 0,
      "huPIItemProductId": 0,
      "pricingSystemId": -1,
      "price": 0,
      "discount": 0,
      "warehouseDestId": -1
    },
    {
      "id": 100053,
      "externalLineId": "2009_01:001_EAN-2011234567890_EAN-7634567890000_8",
      "externalHeaderId": "2011234567890_2009_01:001",
      "poReference": "2009_01:001",
      "org": {
        "code": "EAN-2011234567890",
        "name": "Biller AG",
        "syncAdvise": {
          "ifNotExists": "FAIL",
          "ifExists": "DONT_UPDATE"
        }
      },
      "bpartner": {
        "bpartner": {
          "metasfreshId": 100027,
          "externalId": "EAN-7634567890000",
          "code": "Krankenkasse AG",
          "active": true,
          "name": "Krankenkasse AG",
          "group": "DefaultGroup",
          "vendor": false,
          "customer": true,
          "changeInfo": {
            "createdMillis": 1584396436193,
            "lastUpdatedMillis": 1584396436193
          }
        },
        "location": {
          "metasfreshId": 100029,
          "externalId": "EAN-7634567890000_singleAddress",
          "active": true,
          "address1": "Kassengraben 222",
          "city": "Basel",
          "gln": "7634567890000",
          "countryCode": "CH",
          "shipTo": false,
          "shipToDefault": false,
          "billTo": false,
          "billToDefault": false,
          "changeInfo": {
            "createdMillis": 1584396436193,
            "lastUpdatedMillis": 1584396436193
          }
        }
      },
      "billBPartner": {
        "bpartner": {
          "metasfreshId": 100027,
          "externalId": "EAN-7634567890000",
          "code": "Krankenkasse AG",
          "active": true,
          "name": "Krankenkasse AG",
          "group": "DefaultGroup",
          "vendor": false,
          "customer": true,
          "changeInfo": {
            "createdMillis": 1584396436193,
            "lastUpdatedMillis": 1584396436193
          }
        },
        "location": {
          "metasfreshId": 100029,
          "externalId": "EAN-7634567890000_singleAddress",
          "active": true,
          "address1": "Kassengraben 222",
          "city": "Basel",
          "gln": "7634567890000",
          "countryCode": "CH",
          "shipTo": false,
          "shipToDefault": false,
          "billTo": false,
          "billToDefault": false,
          "changeInfo": {
            "createdMillis": 1584396436193,
            "lastUpdatedMillis": 1584396436193
          }
        }
      },
      "datePromised": {
        "year": 2013,
        "month": 3,
        "day": 20,
        "leapYear": false
      },
      "flatrateConditionsId": 0,
      "productId": 100031,
      "qty": 1,
      "uomId": 100004,
      "qtyItemCapacity": 0,
      "huPIItemProductId": 0,
      "pricingSystemId": -1,
      "price": 0,
      "discount": 0,
      "warehouseDestId": -1
    },
    {
      "id": 100054,
      "externalLineId": "2009_01:001_EAN-2011234567890_EAN-7634567890000_9",
      "externalHeaderId": "2011234567890_2009_01:001",
      "poReference": "2009_01:001",
      "org": {
        "code": "EAN-2011234567890",
        "name": "Biller AG",
        "syncAdvise": {
          "ifNotExists": "FAIL",
          "ifExists": "DONT_UPDATE"
        }
      },
      "bpartner": {
        "bpartner": {
          "metasfreshId": 100027,
          "externalId": "EAN-7634567890000",
          "code": "Krankenkasse AG",
          "active": true,
          "name": "Krankenkasse AG",
          "group": "DefaultGroup",
          "vendor": false,
          "customer": true,
          "changeInfo": {
            "createdMillis": 1584396436193,
            "lastUpdatedMillis": 1584396436193
          }
        },
        "location": {
          "metasfreshId": 100029,
          "externalId": "EAN-7634567890000_singleAddress",
          "active": true,
          "address1": "Kassengraben 222",
          "city": "Basel",
          "gln": "7634567890000",
          "countryCode": "CH",
          "shipTo": false,
          "shipToDefault": false,
          "billTo": false,
          "billToDefault": false,
          "changeInfo": {
            "createdMillis": 1584396436193,
            "lastUpdatedMillis": 1584396436193
          }
        }
      },
      "billBPartner": {
        "bpartner": {
          "metasfreshId": 100027,
          "externalId": "EAN-7634567890000",
          "code": "Krankenkasse AG",
          "active": true,
          "name": "Krankenkasse AG",
          "group": "DefaultGroup",
          "vendor": false,
          "customer": true,
          "changeInfo": {
            "createdMillis": 1584396436193,
            "lastUpdatedMillis": 1584396436193
          }
        },
        "location": {
          "metasfreshId": 100029,
          "externalId": "EAN-7634567890000_singleAddress",
          "active": true,
          "address1": "Kassengraben 222",
          "city": "Basel",
          "gln": "7634567890000",
          "countryCode": "CH",
          "shipTo": false,
          "shipToDefault": false,
          "billTo": false,
          "billToDefault": false,
          "changeInfo": {
            "createdMillis": 1584396436193,
            "lastUpdatedMillis": 1584396436193
          }
        }
      },
      "datePromised": {
        "year": 2013,
        "month": 3,
        "day": 20,
        "leapYear": false
      },
      "flatrateConditionsId": 0,
      "productId": 100032,
      "qty": 1,
      "uomId": 100004,
      "qtyItemCapacity": 0,
      "huPIItemProductId": 0,
      "pricingSystemId": -1,
      "price": 0,
      "discount": 0,
      "warehouseDestId": -1
    },
    {
      "id": 100055,
      "externalLineId": "2009_01:001_EAN-2011234567890_EAN-7634567890000_10",
      "externalHeaderId": "2011234567890_2009_01:001",
      "poReference": "2009_01:001",
      "org": {
        "code": "EAN-2011234567890",
        "name": "Biller AG",
        "syncAdvise": {
          "ifNotExists": "FAIL",
          "ifExists": "DONT_UPDATE"
        }
      },
      "bpartner": {
        "bpartner": {
          "metasfreshId": 100027,
          "externalId": "EAN-7634567890000",
          "code": "Krankenkasse AG",
          "active": true,
          "name": "Krankenkasse AG",
          "group": "DefaultGroup",
          "vendor": false,
          "customer": true,
          "changeInfo": {
            "createdMillis": 1584396436193,
            "lastUpdatedMillis": 1584396436193
          }
        },
        "location": {
          "metasfreshId": 100029,
          "externalId": "EAN-7634567890000_singleAddress",
          "active": true,
          "address1": "Kassengraben 222",
          "city": "Basel",
          "gln": "7634567890000",
          "countryCode": "CH",
          "shipTo": false,
          "shipToDefault": false,
          "billTo": false,
          "billToDefault": false,
          "changeInfo": {
            "createdMillis": 1584396436193,
            "lastUpdatedMillis": 1584396436193
          }
        }
      },
      "billBPartner": {
        "bpartner": {
          "metasfreshId": 100027,
          "externalId": "EAN-7634567890000",
          "code": "Krankenkasse AG",
          "active": true,
          "name": "Krankenkasse AG",
          "group": "DefaultGroup",
          "vendor": false,
          "customer": true,
          "changeInfo": {
            "createdMillis": 1584396436193,
            "lastUpdatedMillis": 1584396436193
          }
        },
        "location": {
          "metasfreshId": 100029,
          "externalId": "EAN-7634567890000_singleAddress",
          "active": true,
          "address1": "Kassengraben 222",
          "city": "Basel",
          "gln": "7634567890000",
          "countryCode": "CH",
          "shipTo": false,
          "shipToDefault": false,
          "billTo": false,
          "billToDefault": false,
          "changeInfo": {
            "createdMillis": 1584396436193,
            "lastUpdatedMillis": 1584396436193
          }
        }
      },
      "datePromised": {
        "year": 2013,
        "month": 3,
        "day": 20,
        "leapYear": false
      },
      "flatrateConditionsId": 0,
      "productId": 100030,
      "qty": 1,
      "uomId": 100004,
      "qtyItemCapacity": 0,
      "huPIItemProductId": 0,
      "pricingSystemId": -1,
      "price": 0,
      "discount": 0,
      "warehouseDestId": -1
    },
    {
      "id": 100056,
      "externalLineId": "2009_01:001_EAN-2011234567890_EAN-7634567890000_11",
      "externalHeaderId": "2011234567890_2009_01:001",
      "poReference": "2009_01:001",
      "org": {
        "code": "EAN-2011234567890",
        "name": "Biller AG",
        "syncAdvise": {
          "ifNotExists": "FAIL",
          "ifExists": "DONT_UPDATE"
        }
      },
      "bpartner": {
        "bpartner": {
          "metasfreshId": 100027,
          "externalId": "EAN-7634567890000",
          "code": "Krankenkasse AG",
          "active": true,
          "name": "Krankenkasse AG",
          "group": "DefaultGroup",
          "vendor": false,
          "customer": true,
          "changeInfo": {
            "createdMillis": 1584396436193,
            "lastUpdatedMillis": 1584396436193
          }
        },
        "location": {
          "metasfreshId": 100029,
          "externalId": "EAN-7634567890000_singleAddress",
          "active": true,
          "address1": "Kassengraben 222",
          "city": "Basel",
          "gln": "7634567890000",
          "countryCode": "CH",
          "shipTo": false,
          "shipToDefault": false,
          "billTo": false,
          "billToDefault": false,
          "changeInfo": {
            "createdMillis": 1584396436193,
            "lastUpdatedMillis": 1584396436193
          }
        }
      },
      "billBPartner": {
        "bpartner": {
          "metasfreshId": 100027,
          "externalId": "EAN-7634567890000",
          "code": "Krankenkasse AG",
          "active": true,
          "name": "Krankenkasse AG",
          "group": "DefaultGroup",
          "vendor": false,
          "customer": true,
          "changeInfo": {
            "createdMillis": 1584396436193,
            "lastUpdatedMillis": 1584396436193
          }
        },
        "location": {
          "metasfreshId": 100029,
          "externalId": "EAN-7634567890000_singleAddress",
          "active": true,
          "address1": "Kassengraben 222",
          "city": "Basel",
          "gln": "7634567890000",
          "countryCode": "CH",
          "shipTo": false,
          "shipToDefault": false,
          "billTo": false,
          "billToDefault": false,
          "changeInfo": {
            "createdMillis": 1584396436193,
            "lastUpdatedMillis": 1584396436193
          }
        }
      },
      "datePromised": {
        "year": 2013,
        "month": 3,
        "day": 20,
        "leapYear": false
      },
      "flatrateConditionsId": 0,
      "productId": 100031,
      "qty": 1,
      "uomId": 100004,
      "qtyItemCapacity": 0,
      "huPIItemProductId": 0,
      "pricingSystemId": -1,
      "price": 0,
      "discount": 0,
      "warehouseDestId": -1
    },
    {
      "id": 100057,
      "externalLineId": "2009_01:001_EAN-2011234567890_EAN-7634567890000_12",
      "externalHeaderId": "2011234567890_2009_01:001",
      "poReference": "2009_01:001",
      "org": {
        "code": "EAN-2011234567890",
        "name": "Biller AG",
        "syncAdvise": {
          "ifNotExists": "FAIL",
          "ifExists": "DONT_UPDATE"
        }
      },
      "bpartner": {
        "bpartner": {
          "metasfreshId": 100027,
          "externalId": "EAN-7634567890000",
          "code": "Krankenkasse AG",
          "active": true,
          "name": "Krankenkasse AG",
          "group": "DefaultGroup",
          "vendor": false,
          "customer": true,
          "changeInfo": {
            "createdMillis": 1584396436193,
            "lastUpdatedMillis": 1584396436193
          }
        },
        "location": {
          "metasfreshId": 100029,
          "externalId": "EAN-7634567890000_singleAddress",
          "active": true,
          "address1": "Kassengraben 222",
          "city": "Basel",
          "gln": "7634567890000",
          "countryCode": "CH",
          "shipTo": false,
          "shipToDefault": false,
          "billTo": false,
          "billToDefault": false,
          "changeInfo": {
            "createdMillis": 1584396436193,
            "lastUpdatedMillis": 1584396436193
          }
        }
      },
      "billBPartner": {
        "bpartner": {
          "metasfreshId": 100027,
          "externalId": "EAN-7634567890000",
          "code": "Krankenkasse AG",
          "active": true,
          "name": "Krankenkasse AG",
          "group": "DefaultGroup",
          "vendor": false,
          "customer": true,
          "changeInfo": {
            "createdMillis": 1584396436193,
            "lastUpdatedMillis": 1584396436193
          }
        },
        "location": {
          "metasfreshId": 100029,
          "externalId": "EAN-7634567890000_singleAddress",
          "active": true,
          "address1": "Kassengraben 222",
          "city": "Basel",
          "gln": "7634567890000",
          "countryCode": "CH",
          "shipTo": false,
          "shipToDefault": false,
          "billTo": false,
          "billToDefault": false,
          "changeInfo": {
            "createdMillis": 1584396436193,
            "lastUpdatedMillis": 1584396436193
          }
        }
      },
      "datePromised": {
        "year": 2013,
        "month": 3,
        "day": 20,
        "leapYear": false
      },
      "flatrateConditionsId": 0,
      "productId": 100032,
      "qty": 1,
      "uomId": 100004,
      "qtyItemCapacity": 0,
      "huPIItemProductId": 0,
      "pricingSystemId": -1,
      "price": 0,
      "discount": 0,
      "warehouseDestId": -1
    },
    {
      "id": 100058,
      "externalLineId": "2009_01:001_EAN-2011234567890_EAN-7634567890000_13",
      "externalHeaderId": "2011234567890_2009_01:001",
      "poReference": "2009_01:001",
      "org": {
        "code": "EAN-2011234567890",
        "name": "Biller AG",
        "syncAdvise": {
          "ifNotExists": "FAIL",
          "ifExists": "DONT_UPDATE"
        }
      },
      "bpartner": {
        "bpartner": {
          "metasfreshId": 100027,
          "externalId": "EAN-7634567890000",
          "code": "Krankenkasse AG",
          "active": true,
          "name": "Krankenkasse AG",
          "group": "DefaultGroup",
          "vendor": false,
          "customer": true,
          "changeInfo": {
            "createdMillis": 1584396436193,
            "lastUpdatedMillis": 1584396436193
          }
        },
        "location": {
          "metasfreshId": 100029,
          "externalId": "EAN-7634567890000_singleAddress",
          "active": true,
          "address1": "Kassengraben 222",
          "city": "Basel",
          "gln": "7634567890000",
          "countryCode": "CH",
          "shipTo": false,
          "shipToDefault": false,
          "billTo": false,
          "billToDefault": false,
          "changeInfo": {
            "createdMillis": 1584396436193,
            "lastUpdatedMillis": 1584396436193
          }
        }
      },
      "billBPartner": {
        "bpartner": {
          "metasfreshId": 100027,
          "externalId": "EAN-7634567890000",
          "code": "Krankenkasse AG",
          "active": true,
          "name": "Krankenkasse AG",
          "group": "DefaultGroup",
          "vendor": false,
          "customer": true,
          "changeInfo": {
            "createdMillis": 1584396436193,
            "lastUpdatedMillis": 1584396436193
          }
        },
        "location": {
          "metasfreshId": 100029,
          "externalId": "EAN-7634567890000_singleAddress",
          "active": true,
          "address1": "Kassengraben 222",
          "city": "Basel",
          "gln": "7634567890000",
          "countryCode": "CH",
          "shipTo": false,
          "shipToDefault": false,
          "billTo": false,
          "billToDefault": false,
          "changeInfo": {
            "createdMillis": 1584396436193,
            "lastUpdatedMillis": 1584396436193
          }
        }
      },
      "datePromised": {
        "year": 2013,
        "month": 3,
        "day": 20,
        "leapYear": false
      },
      "flatrateConditionsId": 0,
      "productId": 100036,
      "qty": 1,
      "uomId": 100004,
      "qtyItemCapacity": 0,
      "huPIItemProductId": 0,
      "pricingSystemId": -1,
      "price": 0,
      "discount": 0,
      "warehouseDestId": -1
    },
    {
      "id": 100059,
      "externalLineId": "2009_01:001_EAN-2011234567890_EAN-7634567890000_14",
      "externalHeaderId": "2011234567890_2009_01:001",
      "poReference": "2009_01:001",
      "org": {
        "code": "EAN-2011234567890",
        "name": "Biller AG",
        "syncAdvise": {
          "ifNotExists": "FAIL",
          "ifExists": "DONT_UPDATE"
        }
      },
      "bpartner": {
        "bpartner": {
          "metasfreshId": 100027,
          "externalId": "EAN-7634567890000",
          "code": "Krankenkasse AG",
          "active": true,
          "name": "Krankenkasse AG",
          "group": "DefaultGroup",
          "vendor": false,
          "customer": true,
          "changeInfo": {
            "createdMillis": 1584396436193,
            "lastUpdatedMillis": 1584396436193
          }
        },
        "location": {
          "metasfreshId": 100029,
          "externalId": "EAN-7634567890000_singleAddress",
          "active": true,
          "address1": "Kassengraben 222",
          "city": "Basel",
          "gln": "7634567890000",
          "countryCode": "CH",
          "shipTo": false,
          "shipToDefault": false,
          "billTo": false,
          "billToDefault": false,
          "changeInfo": {
            "createdMillis": 1584396436193,
            "lastUpdatedMillis": 1584396436193
          }
        }
      },
      "billBPartner": {
        "bpartner": {
          "metasfreshId": 100027,
          "externalId": "EAN-7634567890000",
          "code": "Krankenkasse AG",
          "active": true,
          "name": "Krankenkasse AG",
          "group": "DefaultGroup",
          "vendor": false,
          "customer": true,
          "changeInfo": {
            "createdMillis": 1584396436193,
            "lastUpdatedMillis": 1584396436193
          }
        },
        "location": {
          "metasfreshId": 100029,
          "externalId": "EAN-7634567890000_singleAddress",
          "active": true,
          "address1": "Kassengraben 222",
          "city": "Basel",
          "gln": "7634567890000",
          "countryCode": "CH",
          "shipTo": false,
          "shipToDefault": false,
          "billTo": false,
          "billToDefault": false,
          "changeInfo": {
            "createdMillis": 1584396436193,
            "lastUpdatedMillis": 1584396436193
          }
        }
      },
      "datePromised": {
        "year": 2013,
        "month": 3,
        "day": 20,
        "leapYear": false
      },
      "flatrateConditionsId": 0,
      "productId": 100037,
      "qty": 1,
      "uomId": 100004,
      "qtyItemCapacity": 0,
      "huPIItemProductId": 0,
      "pricingSystemId": -1,
      "price": 0,
      "discount": 0,
      "warehouseDestId": -1
    },
    {
      "id": 100060,
      "externalLineId": "2009_01:001_EAN-2011234567890_EAN-7634567890000_15",
      "externalHeaderId": "2011234567890_2009_01:001",
      "poReference": "2009_01:001",
      "org": {
        "code": "EAN-2011234567890",
        "name": "Biller AG",
        "syncAdvise": {
          "ifNotExists": "FAIL",
          "ifExists": "DONT_UPDATE"
        }
      },
      "bpartner": {
        "bpartner": {
          "metasfreshId": 100027,
          "externalId": "EAN-7634567890000",
          "code": "Krankenkasse AG",
          "active": true,
          "name": "Krankenkasse AG",
          "group": "DefaultGroup",
          "vendor": false,
          "customer": true,
          "changeInfo": {
            "createdMillis": 1584396436193,
            "lastUpdatedMillis": 1584396436193
          }
        },
        "location": {
          "metasfreshId": 100029,
          "externalId": "EAN-7634567890000_singleAddress",
          "active": true,
          "address1": "Kassengraben 222",
          "city": "Basel",
          "gln": "7634567890000",
          "countryCode": "CH",
          "shipTo": false,
          "shipToDefault": false,
          "billTo": false,
          "billToDefault": false,
          "changeInfo": {
            "createdMillis": 1584396436193,
            "lastUpdatedMillis": 1584396436193
          }
        }
      },
      "billBPartner": {
        "bpartner": {
          "metasfreshId": 100027,
          "externalId": "EAN-7634567890000",
          "code": "Krankenkasse AG",
          "active": true,
          "name": "Krankenkasse AG",
          "group": "DefaultGroup",
          "vendor": false,
          "customer": true,
          "changeInfo": {
            "createdMillis": 1584396436193,
            "lastUpdatedMillis": 1584396436193
          }
        },
        "location": {
          "metasfreshId": 100029,
          "externalId": "EAN-7634567890000_singleAddress",
          "active": true,
          "address1": "Kassengraben 222",
          "city": "Basel",
          "gln": "7634567890000",
          "countryCode": "CH",
          "shipTo": false,
          "shipToDefault": false,
          "billTo": false,
          "billToDefault": false,
          "changeInfo": {
            "createdMillis": 1584396436193,
            "lastUpdatedMillis": 1584396436193
          }
        }
      },
      "datePromised": {
        "year": 2013,
        "month": 3,
        "day": 20,
        "leapYear": false
      },
      "flatrateConditionsId": 0,
      "productId": 100038,
      "qty": 1,
      "uomId": 100004,
      "qtyItemCapacity": 0,
      "huPIItemProductId": 0,
      "pricingSystemId": -1,
      "price": 0,
      "discount": 0,
      "warehouseDestId": -1
    },
    {
      "id": 100061,
      "externalLineId": "2009_01:001_EAN-2011234567890_EAN-7634567890000_16",
      "externalHeaderId": "2011234567890_2009_01:001",
      "poReference": "2009_01:001",
      "org": {
        "code": "EAN-2011234567890",
        "name": "Biller AG",
        "syncAdvise": {
          "ifNotExists": "FAIL",
          "ifExists": "DONT_UPDATE"
        }
      },
      "bpartner": {
        "bpartner": {
          "metasfreshId": 100027,
          "externalId": "EAN-7634567890000",
          "code": "Krankenkasse AG",
          "active": true,
          "name": "Krankenkasse AG",
          "group": "DefaultGroup",
          "vendor": false,
          "customer": true,
          "changeInfo": {
            "createdMillis": 1584396436193,
            "lastUpdatedMillis": 1584396436193
          }
        },
        "location": {
          "metasfreshId": 100029,
          "externalId": "EAN-7634567890000_singleAddress",
          "active": true,
          "address1": "Kassengraben 222",
          "city": "Basel",
          "gln": "7634567890000",
          "countryCode": "CH",
          "shipTo": false,
          "shipToDefault": false,
          "billTo": false,
          "billToDefault": false,
          "changeInfo": {
            "createdMillis": 1584396436193,
            "lastUpdatedMillis": 1584396436193
          }
        }
      },
      "billBPartner": {
        "bpartner": {
          "metasfreshId": 100027,
          "externalId": "EAN-7634567890000",
          "code": "Krankenkasse AG",
          "active": true,
          "name": "Krankenkasse AG",
          "group": "DefaultGroup",
          "vendor": false,
          "customer": true,
          "changeInfo": {
            "createdMillis": 1584396436193,
            "lastUpdatedMillis": 1584396436193
          }
        },
        "location": {
          "metasfreshId": 100029,
          "externalId": "EAN-7634567890000_singleAddress",
          "active": true,
          "address1": "Kassengraben 222",
          "city": "Basel",
          "gln": "7634567890000",
          "countryCode": "CH",
          "shipTo": false,
          "shipToDefault": false,
          "billTo": false,
          "billToDefault": false,
          "changeInfo": {
            "createdMillis": 1584396436193,
            "lastUpdatedMillis": 1584396436193
          }
        }
      },
      "datePromised": {
        "year": 2013,
        "month": 3,
        "day": 20,
        "leapYear": false
      },
      "flatrateConditionsId": 0,
      "productId": 100039,
      "qty": 1,
      "uomId": 100004,
      "qtyItemCapacity": 0,
      "huPIItemProductId": 0,
      "pricingSystemId": -1,
      "price": 0,
      "discount": 0,
      "warehouseDestId": -1
    },
    {
      "id": 100062,
      "externalLineId": "2009_01:001_EAN-2011234567890_EAN-7634567890000_17",
      "externalHeaderId": "2011234567890_2009_01:001",
      "poReference": "2009_01:001",
      "org": {
        "code": "EAN-2011234567890",
        "name": "Biller AG",
        "syncAdvise": {
          "ifNotExists": "FAIL",
          "ifExists": "DONT_UPDATE"
        }
      },
      "bpartner": {
        "bpartner": {
          "metasfreshId": 100027,
          "externalId": "EAN-7634567890000",
          "code": "Krankenkasse AG",
          "active": true,
          "name": "Krankenkasse AG",
          "group": "DefaultGroup",
          "vendor": false,
          "customer": true,
          "changeInfo": {
            "createdMillis": 1584396436193,
            "lastUpdatedMillis": 1584396436193
          }
        },
        "location": {
          "metasfreshId": 100029,
          "externalId": "EAN-7634567890000_singleAddress",
          "active": true,
          "address1": "Kassengraben 222",
          "city": "Basel",
          "gln": "7634567890000",
          "countryCode": "CH",
          "shipTo": false,
          "shipToDefault": false,
          "billTo": false,
          "billToDefault": false,
          "changeInfo": {
            "createdMillis": 1584396436193,
            "lastUpdatedMillis": 1584396436193
          }
        }
      },
      "billBPartner": {
        "bpartner": {
          "metasfreshId": 100027,
          "externalId": "EAN-7634567890000",
          "code": "Krankenkasse AG",
          "active": true,
          "name": "Krankenkasse AG",
          "group": "DefaultGroup",
          "vendor": false,
          "customer": true,
          "changeInfo": {
            "createdMillis": 1584396436193,
            "lastUpdatedMillis": 1584396436193
          }
        },
        "location": {
          "metasfreshId": 100029,
          "externalId": "EAN-7634567890000_singleAddress",
          "active": true,
          "address1": "Kassengraben 222",
          "city": "Basel",
          "gln": "7634567890000",
          "countryCode": "CH",
          "shipTo": false,
          "shipToDefault": false,
          "billTo": false,
          "billToDefault": false,
          "changeInfo": {
            "createdMillis": 1584396436193,
            "lastUpdatedMillis": 1584396436193
          }
        }
      },
      "datePromised": {
        "year": 2013,
        "month": 3,
        "day": 20,
        "leapYear": false
      },
      "flatrateConditionsId": 0,
      "productId": 100040,
      "qty": 1,
      "uomId": 100004,
      "qtyItemCapacity": 0,
      "huPIItemProductId": 0,
      "pricingSystemId": -1,
      "price": 0,
      "discount": 0,
      "warehouseDestId": -1
    },
    {
      "id": 100063,
      "externalLineId": "2009_01:001_EAN-2011234567890_EAN-7634567890000_18",
      "externalHeaderId": "2011234567890_2009_01:001",
      "poReference": "2009_01:001",
      "org": {
        "code": "EAN-2011234567890",
        "name": "Biller AG",
        "syncAdvise": {
          "ifNotExists": "FAIL",
          "ifExists": "DONT_UPDATE"
        }
      },
      "bpartner": {
        "bpartner": {
          "metasfreshId": 100027,
          "externalId": "EAN-7634567890000",
          "code": "Krankenkasse AG",
          "active": true,
          "name": "Krankenkasse AG",
          "group": "DefaultGroup",
          "vendor": false,
          "customer": true,
          "changeInfo": {
            "createdMillis": 1584396436193,
            "lastUpdatedMillis": 1584396436193
          }
        },
        "location": {
          "metasfreshId": 100029,
          "externalId": "EAN-7634567890000_singleAddress",
          "active": true,
          "address1": "Kassengraben 222",
          "city": "Basel",
          "gln": "7634567890000",
          "countryCode": "CH",
          "shipTo": false,
          "shipToDefault": false,
          "billTo": false,
          "billToDefault": false,
          "changeInfo": {
            "createdMillis": 1584396436193,
            "lastUpdatedMillis": 1584396436193
          }
        }
      },
      "billBPartner": {
        "bpartner": {
          "metasfreshId": 100027,
          "externalId": "EAN-7634567890000",
          "code": "Krankenkasse AG",
          "active": true,
          "name": "Krankenkasse AG",
          "group": "DefaultGroup",
          "vendor": false,
          "customer": true,
          "changeInfo": {
            "createdMillis": 1584396436193,
            "lastUpdatedMillis": 1584396436193
          }
        },
        "location": {
          "metasfreshId": 100029,
          "externalId": "EAN-7634567890000_singleAddress",
          "active": true,
          "address1": "Kassengraben 222",
          "city": "Basel",
          "gln": "7634567890000",
          "countryCode": "CH",
          "shipTo": false,
          "shipToDefault": false,
          "billTo": false,
          "billToDefault": false,
          "changeInfo": {
            "createdMillis": 1584396436193,
            "lastUpdatedMillis": 1584396436193
          }
        }
      },
      "datePromised": {
        "year": 2013,
        "month": 3,
        "day": 20,
        "leapYear": false
      },
      "flatrateConditionsId": 0,
      "productId": 100041,
      "qty": 2,
      "uomId": 100004,
      "qtyItemCapacity": 0,
      "huPIItemProductId": 0,
      "pricingSystemId": -1,
      "price": 0,
      "discount": 0,
      "warehouseDestId": -1
    },
    {
      "id": 100064,
      "externalLineId": "2009_01:001_EAN-2011234567890_EAN-7634567890000_19",
      "externalHeaderId": "2011234567890_2009_01:001",
      "poReference": "2009_01:001",
      "org": {
        "code": "EAN-2011234567890",
        "name": "Biller AG",
        "syncAdvise": {
          "ifNotExists": "FAIL",
          "ifExists": "DONT_UPDATE"
        }
      },
      "bpartner": {
        "bpartner": {
          "metasfreshId": 100027,
          "externalId": "EAN-7634567890000",
          "code": "Krankenkasse AG",
          "active": true,
          "name": "Krankenkasse AG",
          "group": "DefaultGroup",
          "vendor": false,
          "customer": true,
          "changeInfo": {
            "createdMillis": 1584396436193,
            "lastUpdatedMillis": 1584396436193
          }
        },
        "location": {
          "metasfreshId": 100029,
          "externalId": "EAN-7634567890000_singleAddress",
          "active": true,
          "address1": "Kassengraben 222",
          "city": "Basel",
          "gln": "7634567890000",
          "countryCode": "CH",
          "shipTo": false,
          "shipToDefault": false,
          "billTo": false,
          "billToDefault": false,
          "changeInfo": {
            "createdMillis": 1584396436193,
            "lastUpdatedMillis": 1584396436193
          }
        }
      },
      "billBPartner": {
        "bpartner": {
          "metasfreshId": 100027,
          "externalId": "EAN-7634567890000",
          "code": "Krankenkasse AG",
          "active": true,
          "name": "Krankenkasse AG",
          "group": "DefaultGroup",
          "vendor": false,
          "customer": true,
          "changeInfo": {
            "createdMillis": 1584396436193,
            "lastUpdatedMillis": 1584396436193
          }
        },
        "location": {
          "metasfreshId": 100029,
          "externalId": "EAN-7634567890000_singleAddress",
          "active": true,
          "address1": "Kassengraben 222",
          "city": "Basel",
          "gln": "7634567890000",
          "countryCode": "CH",
          "shipTo": false,
          "shipToDefault": false,
          "billTo": false,
          "billToDefault": false,
          "changeInfo": {
            "createdMillis": 1584396436193,
            "lastUpdatedMillis": 1584396436193
          }
        }
      },
      "datePromised": {
        "year": 2013,
        "month": 3,
        "day": 20,
        "leapYear": false
      },
      "flatrateConditionsId": 0,
      "productId": 100042,
      "qty": 1,
      "uomId": 100004,
      "qtyItemCapacity": 0,
      "huPIItemProductId": 0,
      "pricingSystemId": -1,
      "price": 0,
      "discount": 0,
      "warehouseDestId": -1
    },
    {
      "id": 100065,
      "externalLineId": "2009_01:001_EAN-2011234567890_EAN-7634567890000_20",
      "externalHeaderId": "2011234567890_2009_01:001",
      "poReference": "2009_01:001",
      "org": {
        "code": "EAN-2011234567890",
        "name": "Biller AG",
        "syncAdvise": {
          "ifNotExists": "FAIL",
          "ifExists": "DONT_UPDATE"
        }
      },
      "bpartner": {
        "bpartner": {
          "metasfreshId": 100027,
          "externalId": "EAN-7634567890000",
          "code": "Krankenkasse AG",
          "active": true,
          "name": "Krankenkasse AG",
          "group": "DefaultGroup",
          "vendor": false,
          "customer": true,
          "changeInfo": {
            "createdMillis": 1584396436193,
            "lastUpdatedMillis": 1584396436193
          }
        },
        "location": {
          "metasfreshId": 100029,
          "externalId": "EAN-7634567890000_singleAddress",
          "active": true,
          "address1": "Kassengraben 222",
          "city": "Basel",
          "gln": "7634567890000",
          "countryCode": "CH",
          "shipTo": false,
          "shipToDefault": false,
          "billTo": false,
          "billToDefault": false,
          "changeInfo": {
            "createdMillis": 1584396436193,
            "lastUpdatedMillis": 1584396436193
          }
        }
      },
      "billBPartner": {
        "bpartner": {
          "metasfreshId": 100027,
          "externalId": "EAN-7634567890000",
          "code": "Krankenkasse AG",
          "active": true,
          "name": "Krankenkasse AG",
          "group": "DefaultGroup",
          "vendor": false,
          "customer": true,
          "changeInfo": {
            "createdMillis": 1584396436193,
            "lastUpdatedMillis": 1584396436193
          }
        },
        "location": {
          "metasfreshId": 100029,
          "externalId": "EAN-7634567890000_singleAddress",
          "active": true,
          "address1": "Kassengraben 222",
          "city": "Basel",
          "gln": "7634567890000",
          "countryCode": "CH",
          "shipTo": false,
          "shipToDefault": false,
          "billTo": false,
          "billToDefault": false,
          "changeInfo": {
            "createdMillis": 1584396436193,
            "lastUpdatedMillis": 1584396436193
          }
        }
      },
      "datePromised": {
        "year": 2013,
        "month": 3,
        "day": 20,
        "leapYear": false
      },
      "flatrateConditionsId": 0,
      "productId": 100043,
      "qty": 1,
      "uomId": 100004,
      "qtyItemCapacity": 0,
      "huPIItemProductId": 0,
      "pricingSystemId": -1,
      "price": 0,
      "discount": 0,
      "warehouseDestId": -1
    },
    {
      "id": 100066,
      "externalLineId": "2009_01:001_EAN-2011234567890_EAN-7634567890000_21",
      "externalHeaderId": "2011234567890_2009_01:001",
      "poReference": "2009_01:001",
      "org": {
        "code": "EAN-2011234567890",
        "name": "Biller AG",
        "syncAdvise": {
          "ifNotExists": "FAIL",
          "ifExists": "DONT_UPDATE"
        }
      },
      "bpartner": {
        "bpartner": {
          "metasfreshId": 100027,
          "externalId": "EAN-7634567890000",
          "code": "Krankenkasse AG",
          "active": true,
          "name": "Krankenkasse AG",
          "group": "DefaultGroup",
          "vendor": false,
          "customer": true,
          "changeInfo": {
            "createdMillis": 1584396436193,
            "lastUpdatedMillis": 1584396436193
          }
        },
        "location": {
          "metasfreshId": 100029,
          "externalId": "EAN-7634567890000_singleAddress",
          "active": true,
          "address1": "Kassengraben 222",
          "city": "Basel",
          "gln": "7634567890000",
          "countryCode": "CH",
          "shipTo": false,
          "shipToDefault": false,
          "billTo": false,
          "billToDefault": false,
          "changeInfo": {
            "createdMillis": 1584396436193,
            "lastUpdatedMillis": 1584396436193
          }
        }
      },
      "billBPartner": {
        "bpartner": {
          "metasfreshId": 100027,
          "externalId": "EAN-7634567890000",
          "code": "Krankenkasse AG",
          "active": true,
          "name": "Krankenkasse AG",
          "group": "DefaultGroup",
          "vendor": false,
          "customer": true,
          "changeInfo": {
            "createdMillis": 1584396436193,
            "lastUpdatedMillis": 1584396436193
          }
        },
        "location": {
          "metasfreshId": 100029,
          "externalId": "EAN-7634567890000_singleAddress",
          "active": true,
          "address1": "Kassengraben 222",
          "city": "Basel",
          "gln": "7634567890000",
          "countryCode": "CH",
          "shipTo": false,
          "shipToDefault": false,
          "billTo": false,
          "billToDefault": false,
          "changeInfo": {
            "createdMillis": 1584396436193,
            "lastUpdatedMillis": 1584396436193
          }
        }
      },
      "datePromised": {
        "year": 2013,
        "month": 3,
        "day": 20,
        "leapYear": false
      },
      "flatrateConditionsId": 0,
      "productId": 100044,
      "qty": 1,
      "uomId": 100004,
      "qtyItemCapacity": 0,
      "huPIItemProductId": 0,
      "pricingSystemId": -1,
      "price": 0,
      "discount": 0,
      "warehouseDestId": -1
    }
  ]
]


de.metas.rest_api.ordercandidates.impl.OrderCandidatesRestControllerImplTest.test_CreateProductPrice_WarehouseDestId=[
  {
    "id": 100031,
    "externalLineId": "externalLineId",
    "externalHeaderId": "externalHeaderId",
    "poReference": "poRef",
    "org": {
      "code": "001",
      "syncAdvise": {
        "ifNotExists": "FAIL",
        "ifExists": "DONT_UPDATE"
      }
    },
    "bpartner": {
      "bpartner": {
        "metasfreshId": 100025,
        "code": "bpCode",
        "active": true,
        "name": "bpCode-name",
        "group": "bpCode-name",
        "vendor": false,
        "customer": true,
        "changeInfo": {
          "createdMillis": 1584396436193,
          "lastUpdatedMillis": 1584396436193
        }
      },
      "location": {
        "metasfreshId": 100027,
        "active": true,
        "gln": "gln1",
        "countryCode": "DE",
        "shipTo": false,
        "shipToDefault": false,
        "billTo": false,
        "billToDefault": false,
        "changeInfo": {
          "createdMillis": 1584396436193,
          "lastUpdatedMillis": 1584396436193
        }
      }
    },
    "billBPartner": {
      "bpartner": {
        "metasfreshId": 100025,
        "code": "bpCode",
        "active": true,
        "name": "bpCode-name",
        "group": "bpCode-name",
        "vendor": false,
        "customer": true,
        "changeInfo": {
          "createdMillis": 1584396436193,
          "lastUpdatedMillis": 1584396436193
        }
      },
      "location": {
        "metasfreshId": 100027,
        "active": true,
        "gln": "gln1",
        "countryCode": "DE",
        "shipTo": false,
        "shipToDefault": false,
        "billTo": false,
        "billToDefault": false,
        "changeInfo": {
          "createdMillis": 1584396436193,
          "lastUpdatedMillis": 1584396436193
        }
      }
    },
    "dateOrdered": {
      "year": 2019,
      "month": 9,
      "day": 10,
      "leapYear": false
    },
    "datePromised": {
      "year": 2019,
      "month": 9,
      "day": 15,
      "leapYear": false
    },
    "flatrateConditionsId": 0,
    "productId": 100029,
    "qty": 66,
    "uomId": 100004,
    "qtyItemCapacity": 0,
    "huPIItemProductId": -1,
    "pricingSystemId": 100020,
    "price": 13.24,
    "discount": 0,
    "warehouseDestId": 100028
  }
]


de.metas.rest_api.ordercandidates.impl.OrderCandidatesRestControllerImplTest.test_CreateProductPrice_WarehouseDestId_DirectDebit=[
  {
    "id": 100031,
    "externalLineId": "externalLineId",
    "externalHeaderId": "externalHeaderId",
    "poReference": "poRef",
    "org": {
      "code": "001",
      "syncAdvise": {
        "ifNotExists": "FAIL",
        "ifExists": "DONT_UPDATE"
      }
    },
    "bpartner": {
      "bpartner": {
        "metasfreshId": 100025,
        "code": "bpCode",
        "active": true,
        "name": "bpCode-name",
        "group": "bpCode-name",
        "vendor": false,
        "customer": true,
        "changeInfo": {
          "createdMillis": 1584396436193,
          "lastUpdatedMillis": 1584396436193
        }
      },
      "location": {
        "metasfreshId": 100027,
        "active": true,
        "gln": "gln1",
        "countryCode": "DE",
        "shipTo": false,
        "shipToDefault": false,
        "billTo": false,
        "billToDefault": false,
        "changeInfo": {
          "createdMillis": 1584396436193,
          "lastUpdatedMillis": 1584396436193
        }
      }
    },
    "billBPartner": {
      "bpartner": {
        "metasfreshId": 100025,
        "code": "bpCode",
        "active": true,
        "name": "bpCode-name",
        "group": "bpCode-name",
        "vendor": false,
        "customer": true,
        "changeInfo": {
          "createdMillis": 1584396436193,
          "lastUpdatedMillis": 1584396436193
        }
      },
      "location": {
        "metasfreshId": 100027,
        "active": true,
        "gln": "gln1",
        "countryCode": "DE",
        "shipTo": false,
        "shipToDefault": false,
        "billTo": false,
        "billToDefault": false,
        "changeInfo": {
          "createdMillis": 1584396436193,
          "lastUpdatedMillis": 1584396436193
        }
      }
    },
    "dateOrdered": {
      "year": 2019,
      "month": 9,
      "day": 10,
      "leapYear": false
    },
    "datePromised": {
      "year": 2019,
      "month": 9,
      "day": 15,
      "leapYear": false
    },
    "flatrateConditionsId": 0,
    "productId": 100029,
    "qty": 66,
    "uomId": 100004,
    "qtyItemCapacity": 0,
    "huPIItemProductId": -1,
    "pricingSystemId": 100020,
    "price": 13.24,
    "discount": 0,
    "warehouseDestId": 100028
  }
]


de.metas.rest_api.ordercandidates.impl.OrderCandidatesRestControllerImplTest.test_no_location_specified=[
  {
    "id": 100040,
    "externalLineId": "externalLineId",
    "externalHeaderId": "externalHeaderId",
    "poReference": "poRef",
    "org": {
      "code": "001",
      "syncAdvise": {
        "ifNotExists": "FAIL",
        "ifExists": "DONT_UPDATE"
      }
    },
    "bpartner": {
      "bpartner": {
        "metasfreshId": 100025,
        "code": "mainPartner",
        "active": true,
        "name": "mainPartner-name",
        "group": "mainPartner-name",
        "vendor": false,
        "customer": true,
        "changeInfo": {
          "createdMillis": 1584396436193,
          "lastUpdatedMillis": 1584396436193
        }
      },
      "location": {
        "metasfreshId": 100027,
        "active": true,
        "countryCode": "DE",
        "shipTo": false,
        "shipToDefault": false,
        "billTo": false,
        "billToDefault": false,
        "changeInfo": {
          "createdMillis": 1584396436193,
          "lastUpdatedMillis": 1584396436193
        }
      }
    },
    "billBPartner": {
      "bpartner": {
        "metasfreshId": 100029,
        "code": "billPartner",
        "active": true,
        "name": "billPartner-name",
        "group": "billPartner-name",
        "vendor": false,
        "customer": true,
        "changeInfo": {
          "createdMillis": 1584396436193,
          "lastUpdatedMillis": 1584396436193
        }
      },
      "location": {
        "metasfreshId": 100031,
        "active": true,
        "countryCode": "DE",
        "shipTo": false,
        "shipToDefault": false,
        "billTo": false,
        "billToDefault": false,
        "changeInfo": {
          "createdMillis": 1584396436193,
          "lastUpdatedMillis": 1584396436193
        }
      }
    },
    "dropShipBPartner": {
      "bpartner": {
        "metasfreshId": 100033,
        "code": "dropShipPartner",
        "active": true,
        "name": "dropShipPartner-name",
        "group": "dropShipPartner-name",
        "vendor": false,
        "customer": true,
        "changeInfo": {
          "createdMillis": 1584396436193,
          "lastUpdatedMillis": 1584396436193
        }
      },
      "location": {
        "metasfreshId": 100037,
        "active": true,
        "gln": "expectedDropShipLocation",
        "countryCode": "DE",
        "shipTo": false,
        "shipToDefault": false,
        "billTo": false,
        "billToDefault": false,
        "changeInfo": {
          "createdMillis": 1584396436193,
          "lastUpdatedMillis": 1584396436193
        }
      }
    },
    "dateOrdered": {
      "year": 2019,
      "month": 9,
      "day": 10,
      "leapYear": false
    },
    "datePromised": {
      "year": 2019,
      "month": 9,
      "day": 15,
      "leapYear": false
    },
    "flatrateConditionsId": 0,
    "productId": 100038,
    "qty": 66,
    "uomId": 100004,
    "qtyItemCapacity": 0,
    "huPIItemProductId": -1,
    "pricingSystemId": 100020,
    "price": 13.24,
    "discount": 0,
    "warehouseDestId": -1
  }
]


de.metas.rest_api.ordercandidates.impl.OrderCandidatesRestControllerImplTest.test_no_location_specified_DirectDebit=[
  {
    "id": 100040,
    "externalLineId": "externalLineId",
    "externalHeaderId": "externalHeaderId",
    "poReference": "poRef",
    "org": {
      "code": "001",
      "syncAdvise": {
        "ifNotExists": "FAIL",
        "ifExists": "DONT_UPDATE"
      }
    },
    "bpartner": {
      "bpartner": {
        "metasfreshId": 100025,
        "code": "mainPartner",
        "active": true,
        "name": "mainPartner-name",
        "group": "mainPartner-name",
        "vendor": false,
        "customer": true,
        "changeInfo": {
          "createdMillis": 1584396436193,
          "lastUpdatedMillis": 1584396436193
        }
      },
      "location": {
        "metasfreshId": 100027,
        "active": true,
        "countryCode": "DE",
        "shipTo": false,
        "shipToDefault": false,
        "billTo": false,
        "billToDefault": false,
        "changeInfo": {
          "createdMillis": 1584396436193,
          "lastUpdatedMillis": 1584396436193
        }
      }
    },
    "billBPartner": {
      "bpartner": {
        "metasfreshId": 100029,
        "code": "billPartner",
        "active": true,
        "name": "billPartner-name",
        "group": "billPartner-name",
        "vendor": false,
        "customer": true,
        "changeInfo": {
          "createdMillis": 1584396436193,
          "lastUpdatedMillis": 1584396436193
        }
      },
      "location": {
        "metasfreshId": 100031,
        "active": true,
        "countryCode": "DE",
        "shipTo": false,
        "shipToDefault": false,
        "billTo": false,
        "billToDefault": false,
        "changeInfo": {
          "createdMillis": 1584396436193,
          "lastUpdatedMillis": 1584396436193
        }
      }
    },
    "dropShipBPartner": {
      "bpartner": {
        "metasfreshId": 100033,
        "code": "dropShipPartner",
        "active": true,
        "name": "dropShipPartner-name",
        "group": "dropShipPartner-name",
        "vendor": false,
        "customer": true,
        "changeInfo": {
          "createdMillis": 1584396436193,
          "lastUpdatedMillis": 1584396436193
        }
      },
      "location": {
        "metasfreshId": 100037,
        "active": true,
        "gln": "expectedDropShipLocation",
        "countryCode": "DE",
        "shipTo": false,
        "shipToDefault": false,
        "billTo": false,
        "billToDefault": false,
        "changeInfo": {
          "createdMillis": 1584396436193,
          "lastUpdatedMillis": 1584396436193
        }
      }
    },
    "dateOrdered": {
      "year": 2019,
      "month": 9,
      "day": 10,
      "leapYear": false
    },
    "datePromised": {
      "year": 2019,
      "month": 9,
      "day": 15,
      "leapYear": false
    },
    "flatrateConditionsId": 0,
    "productId": 100038,
    "qty": 66,
    "uomId": 100004,
    "qtyItemCapacity": 0,
    "huPIItemProductId": -1,
    "pricingSystemId": 100020,
    "price": 13.24,
    "discount": 0,
    "warehouseDestId": -1
  }
]


de.metas.rest_api.ordercandidates.impl.OrderCandidatesRestControllerImplTest.test_sameBPartner_DifferentLocations=[
  {
    "id": 100030,
    "externalLineId": "externalLineId",
    "externalHeaderId": "externalHeaderId",
    "poReference": "poRef",
    "org": {
      "code": "001",
      "syncAdvise": {
        "ifNotExists": "FAIL",
        "ifExists": "DONT_UPDATE"
      }
    },
    "bpartner": {
      "bpartner": {
        "metasfreshId": 100021,
        "code": "bpCode",
        "active": true,
        "name": "bpName",
        "companyName": "bpCompanyName",
        "group": "bpGroupName",
        "vendor": false,
        "customer": true,
        "changeInfo": {
          "createdMillis": 1584396436193,
          "lastUpdatedMillis": 1584396436193
        }
      },
      "location": {
        "metasfreshId": 100023,
        "active": true,
        "gln": "gln-ship",
        "countryCode": "DE",
        "shipTo": false,
        "shipToDefault": false,
        "billTo": false,
        "billToDefault": false,
        "changeInfo": {
          "createdMillis": 1584396436193,
          "lastUpdatedMillis": 1584396436193
        }
      }
    },
    "billBPartner": {
      "bpartner": {
        "metasfreshId": 100021,
        "code": "bpCode",
        "active": true,
        "name": "bpName",
        "companyName": "bpCompanyName",
        "group": "bpGroupName",
        "vendor": false,
        "customer": true,
        "changeInfo": {
          "createdMillis": 1584396436193,
          "lastUpdatedMillis": 1584396436193
        }
      },
      "location": {
        "metasfreshId": 100025,
        "active": true,
        "gln": "gln-bill",
        "countryCode": "DE",
        "shipTo": false,
        "shipToDefault": false,
        "billTo": false,
        "billToDefault": false,
        "changeInfo": {
          "createdMillis": 1584396436193,
          "lastUpdatedMillis": 1584396436193
        }
      }
    },
    "dropShipBPartner": {
      "bpartner": {
        "metasfreshId": 100021,
        "code": "bpCode",
        "active": true,
        "name": "bpName",
        "companyName": "bpCompanyName",
        "group": "bpGroupName",
        "vendor": false,
        "customer": true,
        "changeInfo": {
          "createdMillis": 1584396436193,
          "lastUpdatedMillis": 1584396436193
        }
      },
      "location": {
        "metasfreshId": 100027,
        "active": true,
        "gln": "gln-dropShip",
        "countryCode": "DE",
        "shipTo": false,
        "shipToDefault": false,
        "billTo": false,
        "billToDefault": false,
        "changeInfo": {
          "createdMillis": 1584396436193,
          "lastUpdatedMillis": 1584396436193
        }
      }
    },
    "handOverBPartner": {
      "bpartner": {
        "metasfreshId": 100021,
        "code": "bpCode",
        "active": true,
        "name": "bpName",
        "companyName": "bpCompanyName",
        "group": "bpGroupName",
        "vendor": false,
        "customer": true,
        "changeInfo": {
          "createdMillis": 1584396436193,
          "lastUpdatedMillis": 1584396436193
        }
      },
      "location": {
        "metasfreshId": 100029,
        "active": true,
        "gln": "gln-handOver",
        "countryCode": "DE",
        "shipTo": false,
        "shipToDefault": false,
        "billTo": false,
        "billToDefault": false,
        "changeInfo": {
          "createdMillis": 1584396436193,
          "lastUpdatedMillis": 1584396436193
        }
      }
    },
    "dateOrdered": {
      "year": 2019,
      "month": 9,
      "day": 10,
      "leapYear": false
    },
    "datePromised": {
      "year": 2019,
      "month": 9,
      "day": 15,
      "leapYear": false
    },
    "flatrateConditionsId": 0,
    "productId": 100019,
    "qty": 66,
    "uomId": 100004,
    "qtyItemCapacity": 0,
    "huPIItemProductId": -1,
    "pricingSystemId": -1,
    "price": 0,
    "discount": 0,
    "warehouseDestId": -1
  }
]


de.metas.rest_api.ordercandidates.impl.OrderCandidatesRestControllerImplTest.toJsonAttachment_Type_URL=[
  {
    "externalReference": "externalReference",
    "dataSourceName": "dataSourceName",
    "attachmentId": "10",
    "type": "URL",
    "filename": "?",
    "url": "https://metasfresh.com"
  }
]