de.metas.common.bprelation.response.JsonResponseBPRelationTest.serializeDeserializeTest=[
  {
    "responseItems": [
      {
        "active": true,
        "billTo": true,
        "bpartnerId": 123456,
        "description": "relDesc",
        "externalId": "ext123",
        "fetchedFrom": true,
        "handoverLocation": true,
        "locationId": 234567,
        "name": "relName",
        "payFrom": true,
        "remitTo": true,
        "role": "MainProducer",
        "shipTo": true,
        "targetBPLocationId": 456789,
        "targetBPartnerId": 345678
      }
    ]
  }
]