de.metas.rest_api.bpartner.request.JsonRequestBPartnerUpsertItemTest.serializeDeserialize=[
  {
    "bpartnerIdentifier": "ext-12345",
    "bpartnerComposite": {
      "bpartner": {
        "externalIdSet": false,
        "code": "code",
        "codeSet": true,
        "activeSet": false,
        "nameSet": false,
        "name2Set": false,
        "name3Set": false,
        "companyNameSet": false,
        "vendorSet": false,
        "customerSet": false,
        "parentIdSet": false,
        "phoneSet": false,
        "languageSet": false,
        "invoiceRuleSet": false,
        "urlSet": false,
        "url2Set": false,
        "url3Set": false,
        "groupSet": false,
        "globalIdset": false,
        "syncAdviseSet": false,
        "vatIdSet": false
      }
    }
  }
]