de.metas.common.bprelation.request.JsonRequestBPRelationUpsertTest.serializeDeserialize=[
  {
    "locationIdentifier": "loc123",
    "orgCode": "org123",
    "relatesTo": [
      {
        "active": true,
        "billTo": true,
        "description": "relDesc",
        "externalId": "ext123",
        "fetchedFrom": true,
        "handOverLocation": true,
        "name": "relName",
        "payFrom": true,
        "remitTo": true,
        "role": "Caregiver",
        "shipTo": true,
        "targetBpartnerIdentifier": "targetBP123",
        "targetLocationIdentifier": "targetLoc123"
      }
    ]
  }
]